Archive member included to satisfy reference by file (symbol)

E:/Arm_GNU_ToolChain/13.2 Rel1/bin/../lib/gcc/arm-none-eabi/13.2.1/thumb/v7-m/nofp\libgcc.a(_arm_fixunsdfsi.o)
                              CMakeFiles/stm32-learning.elf.dir/Core/Src/sg90.c.obj (__aeabi_d2uiz)
E:/Arm_GNU_ToolChain/13.2 Rel1/bin/../lib/gcc/arm-none-eabi/13.2.1/thumb/v7-m/nofp\libg.a(libc_a-exit.o)
                              E:/Arm_GNU_ToolChain/13.2 Rel1/bin/../lib/gcc/arm-none-eabi/13.2.1/thumb/v7-m/nofp/crt0.o (exit)
E:/Arm_GNU_ToolChain/13.2 Rel1/bin/../lib/gcc/arm-none-eabi/13.2.1/thumb/v7-m/nofp\libg.a(libc_a-findfp.o)
                              E:/Arm_GNU_ToolChain/13.2 Rel1/bin/../lib/gcc/arm-none-eabi/13.2.1/thumb/v7-m/nofp\libg.a(libc_a-exit.o) (__stdio_exit_handler)
E:/Arm_GNU_ToolChain/13.2 Rel1/bin/../lib/gcc/arm-none-eabi/13.2.1/thumb/v7-m/nofp\libg.a(libc_a-fwalk.o)
                              E:/Arm_GNU_ToolChain/13.2 Rel1/bin/../lib/gcc/arm-none-eabi/13.2.1/thumb/v7-m/nofp\libg.a(libc_a-findfp.o) (_fwalk_sglue)
E:/Arm_GNU_ToolChain/13.2 Rel1/bin/../lib/gcc/arm-none-eabi/13.2.1/thumb/v7-m/nofp\libg.a(libc_a-stdio.o)
                              E:/Arm_GNU_ToolChain/13.2 Rel1/bin/../lib/gcc/arm-none-eabi/13.2.1/thumb/v7-m/nofp\libg.a(libc_a-findfp.o) (__sread)
E:/Arm_GNU_ToolChain/13.2 Rel1/bin/../lib/gcc/arm-none-eabi/13.2.1/thumb/v7-m/nofp\libg.a(libc_a-memset.o)
                              E:/Arm_GNU_ToolChain/13.2 Rel1/bin/../lib/gcc/arm-none-eabi/13.2.1/thumb/v7-m/nofp/crt0.o (memset)
E:/Arm_GNU_ToolChain/13.2 Rel1/bin/../lib/gcc/arm-none-eabi/13.2.1/thumb/v7-m/nofp\libg.a(libc_a-closer.o)
                              E:/Arm_GNU_ToolChain/13.2 Rel1/bin/../lib/gcc/arm-none-eabi/13.2.1/thumb/v7-m/nofp\libg.a(libc_a-stdio.o) (_close_r)
E:/Arm_GNU_ToolChain/13.2 Rel1/bin/../lib/gcc/arm-none-eabi/13.2.1/thumb/v7-m/nofp\libg.a(libc_a-reent.o)
                              E:/Arm_GNU_ToolChain/13.2 Rel1/bin/../lib/gcc/arm-none-eabi/13.2.1/thumb/v7-m/nofp\libg.a(libc_a-closer.o) (errno)
E:/Arm_GNU_ToolChain/13.2 Rel1/bin/../lib/gcc/arm-none-eabi/13.2.1/thumb/v7-m/nofp\libg.a(libc_a-impure.o)
                              E:/Arm_GNU_ToolChain/13.2 Rel1/bin/../lib/gcc/arm-none-eabi/13.2.1/thumb/v7-m/nofp\libg.a(libc_a-reent.o) (_impure_ptr)
E:/Arm_GNU_ToolChain/13.2 Rel1/bin/../lib/gcc/arm-none-eabi/13.2.1/thumb/v7-m/nofp\libg.a(libc_a-lseekr.o)
                              E:/Arm_GNU_ToolChain/13.2 Rel1/bin/../lib/gcc/arm-none-eabi/13.2.1/thumb/v7-m/nofp\libg.a(libc_a-stdio.o) (_lseek_r)
E:/Arm_GNU_ToolChain/13.2 Rel1/bin/../lib/gcc/arm-none-eabi/13.2.1/thumb/v7-m/nofp\libg.a(libc_a-readr.o)
                              E:/Arm_GNU_ToolChain/13.2 Rel1/bin/../lib/gcc/arm-none-eabi/13.2.1/thumb/v7-m/nofp\libg.a(libc_a-stdio.o) (_read_r)
E:/Arm_GNU_ToolChain/13.2 Rel1/bin/../lib/gcc/arm-none-eabi/13.2.1/thumb/v7-m/nofp\libg.a(libc_a-writer.o)
                              E:/Arm_GNU_ToolChain/13.2 Rel1/bin/../lib/gcc/arm-none-eabi/13.2.1/thumb/v7-m/nofp\libg.a(libc_a-stdio.o) (_write_r)
E:/Arm_GNU_ToolChain/13.2 Rel1/bin/../lib/gcc/arm-none-eabi/13.2.1/thumb/v7-m/nofp\libg.a(libc_a-errno.o)
                              CMakeFiles/stm32-learning.elf.dir/Core/Src/syscalls.c.obj (__errno)
E:/Arm_GNU_ToolChain/13.2 Rel1/bin/../lib/gcc/arm-none-eabi/13.2.1/thumb/v7-m/nofp\libg.a(libc_a-init.o)
                              E:/Arm_GNU_ToolChain/13.2 Rel1/bin/../lib/gcc/arm-none-eabi/13.2.1/thumb/v7-m/nofp/crt0.o (__libc_init_array)
E:/Arm_GNU_ToolChain/13.2 Rel1/bin/../lib/gcc/arm-none-eabi/13.2.1/thumb/v7-m/nofp\libg.a(libc_a-lock.o)
                              E:/Arm_GNU_ToolChain/13.2 Rel1/bin/../lib/gcc/arm-none-eabi/13.2.1/thumb/v7-m/nofp\libg.a(libc_a-findfp.o) (__retarget_lock_init_recursive)
E:/Arm_GNU_ToolChain/13.2 Rel1/bin/../lib/gcc/arm-none-eabi/13.2.1/thumb/v7-m/nofp\libg.a(libc_a-__call_atexit.o)
                              E:/Arm_GNU_ToolChain/13.2 Rel1/bin/../lib/gcc/arm-none-eabi/13.2.1/thumb/v7-m/nofp\libg.a(libc_a-exit.o) (__call_exitprocs)
E:/Arm_GNU_ToolChain/13.2 Rel1/bin/../lib/gcc/arm-none-eabi/13.2.1/thumb/v7-m/nofp\libg.a(libc_a-atexit.o)
                              E:/Arm_GNU_ToolChain/13.2 Rel1/bin/../lib/gcc/arm-none-eabi/13.2.1/thumb/v7-m/nofp\libg.a(libc_a-__call_atexit.o) (atexit)
E:/Arm_GNU_ToolChain/13.2 Rel1/bin/../lib/gcc/arm-none-eabi/13.2.1/thumb/v7-m/nofp\libg.a(libc_a-freer.o)
                              E:/Arm_GNU_ToolChain/13.2 Rel1/bin/../lib/gcc/arm-none-eabi/13.2.1/thumb/v7-m/nofp\libg.a(libc_a-reent.o) (_free_r)
E:/Arm_GNU_ToolChain/13.2 Rel1/bin/../lib/gcc/arm-none-eabi/13.2.1/thumb/v7-m/nofp\libg.a(libc_a-mallocr.o)
                              E:/Arm_GNU_ToolChain/13.2 Rel1/bin/../lib/gcc/arm-none-eabi/13.2.1/thumb/v7-m/nofp\libg.a(libc_a-findfp.o) (_malloc_r)
E:/Arm_GNU_ToolChain/13.2 Rel1/bin/../lib/gcc/arm-none-eabi/13.2.1/thumb/v7-m/nofp\libg.a(libc_a-mlock.o)
[...]
Memory Configuration

Name             Origin             Length             Attributes
RAM              0x20000000         0x00005000         xrw
FLASH            0x08000000         0x00010000         xr
*default*        0x00000000         0xffffffff

Linker script and memory map

LOAD E:/Arm_GNU_ToolChain/13.2 Rel1/bin/../lib/gcc/arm-none-eabi/13.2.1/thumb/v7-m/nofp/crti.o
LOAD E:/Arm_GNU_ToolChain/13.2 Rel1/bin/../lib/gcc/arm-none-eabi/13.2.1/thumb/v7-m/nofp/crtbegin.o
LOAD E:/Arm_GNU_ToolChain/13.2 Rel1/bin/../lib/gcc/arm-none-eabi/13.2.1/thumb/v7-m/nofp/crt0.o
LOAD CMakeFiles/stm32-learning.elf.dir/Core/Src/gpio.c.obj
LOAD CMakeFiles/stm32-learning.elf.dir/Core/Src/main.c.obj
LOAD CMakeFiles/stm32-learning.elf.dir/Core/Src/sg90.c.obj
LOAD CMakeFiles/stm32-learning.elf.dir/Core/Src/stm32f1xx_hal_msp.c.obj
LOAD CMakeFiles/stm32-learning.elf.dir/Core/Src/stm32f1xx_it.c.obj
LOAD CMakeFiles/stm32-learning.elf.dir/Core/Src/syscalls.c.obj
LOAD CMakeFiles/stm32-learning.elf.dir/Core/Src/sysmem.c.obj
LOAD CMakeFiles/stm32-learning.elf.dir/Core/Src/system_stm32f1xx.c.obj
LOAD CMakeFiles/stm32-learning.elf.dir/Core/Src/tim.c.obj
LOAD CMakeFiles/stm32-learning.elf.dir/Core/Startup/startup_stm32f103c8tx.s.obj
LOAD CMakeFiles/stm32-learning.elf.dir/Drivers/STM32F1xx_HAL_Driver/Src/stm32f1xx_hal.c.obj
LOAD CMakeFiles/stm32-learning.elf.dir/Drivers/STM32F1xx_HAL_Driver/Src/stm32f1xx_hal_cortex.c.obj
LOAD CMakeFiles/stm32-learning.elf.dir/Drivers/STM32F1xx_HAL_Driver/Src/stm32f1xx_hal_dma.c.obj
LOAD CMakeFiles/stm32-learning.elf.dir/Drivers/STM32F1xx_HAL_Driver/Src/stm32f1xx_hal_exti.c.obj
LOAD CMakeFiles/stm32-learning.elf.dir/Drivers/STM32F1xx_HAL_Driver/Src/stm32f1xx_hal_flash.c.obj
LOAD CMakeFiles/stm32-learning.elf.dir/Drivers/STM32F1xx_HAL_Driver/Src/stm32f1xx_hal_flash_ex.c.obj
LOAD CMakeFiles/stm32-learning.elf.dir/Drivers/STM32F1xx_HAL_Driver/Src/stm32f1xx_hal_gpio.c.obj
LOAD CMakeFiles/stm32-learning.elf.dir/Drivers/STM32F1xx_HAL_Driver/Src/stm32f1xx_hal_gpio_ex.c.obj
LOAD CMakeFiles/stm32-learning.elf.dir/Drivers/STM32F1xx_HAL_Driver/Src/stm32f1xx_hal_pwr.c.obj
LOAD CMakeFiles/stm32-learning.elf.dir/Drivers/STM32F1xx_HAL_Driver/Src/stm32f1xx_hal_rcc.c.obj
LOAD CMakeFiles/stm32-learning.elf.dir/Drivers/STM32F1xx_HAL_Driver/Src/stm32f1xx_hal_rcc_ex.c.obj
LOAD CMakeFiles/stm32-learning.elf.dir/Drivers/STM32F1xx_HAL_Driver/Src/stm32f1xx_hal_tim.c.obj
LOAD CMakeFiles/stm32-learning.elf.dir/Drivers/STM32F1xx_HAL_Driver/Src/stm32f1xx_hal_tim_ex.c.obj
START GROUP
LOAD E:/Arm_GNU_ToolChain/13.2 Rel1/bin/../lib/gcc/arm-none-eabi/13.2.1/thumb/v7-m/nofp\libgcc.a
LOAD E:/Arm_GNU_ToolChain/13.2 Rel1/bin/../lib/gcc/arm-none-eabi/13.2.1/thumb/v7-m/nofp\libg.a
LOAD E:/Arm_GNU_ToolChain/13.2 Rel1/bin/../lib/gcc/arm-none-eabi/13.2.1/thumb/v7-m/nofp\libc.a
END GROUP
LOAD E:/Arm_GNU_ToolChain/13.2 Rel1/bin/../lib/gcc/arm-none-eabi/13.2.1/thumb/v7-m/nofp/crtend.o
LOAD E:/Arm_GNU_ToolChain/13.2 Rel1/bin/../lib/gcc/arm-none-eabi/13.2.1/thumb/v7-m/nofp/crtn.o
                0x20005000                        _estack = (ORIGIN (RAM) + LENGTH (RAM))
                0x00000200                        _Min_Heap_Size = 0x200
                0x00000400                        _Min_Stack_Size = 0x400

.isr_vector     0x08000000      0x10c
                0x08000000                        . = ALIGN (0x4)
 *(.isr_vector)
 .isr_vector    0x08000000      0x10c CMakeFiles/stm32-learning.elf.dir/Core/Startup/startup_stm32f103c8tx.s.obj
                0x08000000                g_pfnVectors
                0x0800010c                        . = ALIGN (0x4)

.text           0x08000110     0x159c
                0x08000110                        . = ALIGN (0x4)
 *(.text)
 .text          0x08000110       0x40 E:/Arm_GNU_ToolChain/13.2 Rel1/bin/../lib/gcc/arm-none-eabi/13.2.1/thumb/v7-m/nofp\libgcc.a(_arm_fixunsdfsi.o)
                0x08000110                __aeabi_d2uiz
                0x08000110                __fixunsdfsi
 *(.text*)
 .text.deregister_tm_clones
                0x08000150       0x1c E:/Arm_GNU_ToolChain/13.2 Rel1/bin/../lib/gcc/arm-none-eabi/13.2.1/thumb/v7-m/nofp/crtbegin.o
 .text.register_tm_clones
                0x0800016c       0x24 E:/Arm_GNU_ToolChain/13.2 Rel1/bin/../lib/gcc/arm-none-eabi/13.2.1/thumb/v7-m/nofp/crtbegin.o
 .text.__do_global_dtors_aux
                0x08000190       0x28 E:/Arm_GNU_ToolChain/13.2 Rel1/bin/../lib/gcc/arm-none-eabi/13.2.1/thumb/v7-m/nofp/crtbegin.o
 .text.frame_dummy
                0x080001b8       0x24 E:/Arm_GNU_ToolChain/13.2 Rel1/bin/../lib/gcc/arm-none-eabi/13.2.1/thumb/v7-m/nofp/crtbegin.o
 .text.MX_GPIO_Init
                0x080001dc       0x30 CMakeFiles/stm32-learning.elf.dir/Core/Src/gpio.c.obj
                0x080001dc                MX_GPIO_Init
 .text.Error_Handler
                0x0800020c        0x4 CMakeFiles/stm32-learning.elf.dir/Core/Src/main.c.obj
                0x0800020c                Error_Handler
 .text.SystemClock_Config
                0x08000210       0x64 CMakeFiles/stm32-learning.elf.dir/Core/Src/main.c.obj
                0x08000210                SystemClock_Config
 *fill*         0x08000274        0x4 
 .text.main     0x08000278       0x28 CMakeFiles/stm32-learning.elf.dir/Core/Src/main.c.obj
                0x08000278                main
 .text.sg90_move
                0x080002a0       0x24 CMakeFiles/stm32-learning.elf.dir/Core/Src/sg90.c.obj
                0x080002a0                sg90_move
 .text.HAL_MspInit
                0x080002c4       0x44 CMakeFiles/stm32-learning.elf.dir/Core/Src/stm32f1xx_hal_msp.c.obj
                0x080002c4                HAL_MspInit
 .text.NMI_Handler
                0x08000308        0x2 CMakeFiles/stm32-learning.elf.dir/Core/Src/stm32f1xx_it.c.obj
                0x08000308                NMI_Handler
 .text.HardFault_Handler
                0x0800030a        0x2 CMakeFiles/stm32-learning.elf.dir/Core/Src/stm32f1xx_it.c.obj
                0x0800030a                HardFault_Handler
 .text.MemManage_Handler
                0x0800030c        0x2 CMakeFiles/stm32-learning.elf.dir/Core/Src/stm32f1xx_it.c.obj
                0x0800030c                MemManage_Handler
 .text.BusFault_Handler
                0x0800030e        0x2 CMakeFiles/stm32-learning.elf.dir/Core/Src/stm32f1xx_it.c.obj
                0x0800030e                BusFault_Handler
 .text.UsageFault_Handler
                0x08000310        0x2 CMakeFiles/stm32-learning.elf.dir/Core/Src/stm32f1xx_it.c.obj
                0x08000310                UsageFault_Handler
 .text.SVC_Handler
                0x08000312        0x2 CMakeFiles/stm32-learning.elf.dir/Core/Src/stm32f1xx_it.c.obj
                0x08000312                SVC_Handler
 .text.DebugMon_Handler
                0x08000314        0x2 CMakeFiles/stm32-learning.elf.dir/Core/Src/stm32f1xx_it.c.obj
                0x08000314                DebugMon_Handler
 .text.PendSV_Handler
                0x08000316        0x2 CMakeFiles/stm32-learning.elf.dir/Core/Src/stm32f1xx_it.c.obj
                0x08000316                PendSV_Handler
 .text.SysTick_Handler
                0x08000318        0x8 CMakeFiles/stm32-learning.elf.dir/Core/Src/stm32f1xx_it.c.obj
                0x08000318                SysTick_Handler
 .text.SystemInit
                0x08000320        0x2 CMakeFiles/stm32-learning.elf.dir/Core/Src/system_stm32f1xx.c.obj
                0x08000320                SystemInit
 *fill*         0x08000322        0x2 
 .text.HAL_TIM_Base_MspInit
                0x08000324       0x2c CMakeFiles/stm32-learning.elf.dir/Core/Src/tim.c.obj
                0x08000324                HAL_TIM_Base_MspInit
 .text.HAL_TIM_MspPostInit
                0x08000350       0x50 CMakeFiles/stm32-learning.elf.dir/Core/Src/tim.c.obj
                0x08000350                HAL_TIM_MspPostInit
 .text.MX_TIM1_Init
                0x080003a0       0xe8 CMakeFiles/stm32-learning.elf.dir/Core/Src/tim.c.obj
                0x080003a0                MX_TIM1_Init
 .text.Reset_Handler
                0x08000488       0x48 CMakeFiles/stm32-learning.elf.dir/Core/Startup/startup_stm32f103c8tx.s.obj
                0x08000488                Reset_Handler
 .text.Default_Handler
                0x080004d0        0x2 CMakeFiles/stm32-learning.elf.dir/Core/Startup/startup_stm32f103c8tx.s.obj
                0x080004d0                RTC_Alarm_IRQHandler
                0x080004d0                EXTI2_IRQHandler
                0x080004d0                TIM1_CC_IRQHandler
                0x080004d0                PVD_IRQHandler
                0x080004d0                EXTI3_IRQHandler
                0x080004d0                EXTI0_IRQHandler
                0x080004d0                I2C2_EV_IRQHandler
                0x080004d0                ADC1_2_IRQHandler
                0x080004d0                SPI1_IRQHandler
                0x080004d0                TAMPER_IRQHandler
                0x080004d0                DMA1_Channel4_IRQHandler
                0x080004d0                USART3_IRQHandler
                0x080004d0                RTC_IRQHandler
                0x080004d0                DMA1_Channel7_IRQHandler
                0x080004d0                CAN1_RX1_IRQHandler
                0x080004d0                TIM4_IRQHandler
                0x080004d0                I2C1_EV_IRQHandler
                0x080004d0                DMA1_Channel6_IRQHandler
                0x080004d0                TIM3_IRQHandler
                0x080004d0                RCC_IRQHandler
                0x080004d0                TIM1_TRG_COM_IRQHandler
                0x080004d0                DMA1_Channel1_IRQHandler
                0x080004d0                Default_Handler
                0x080004d0                EXTI15_10_IRQHandler
                0x080004d0                EXTI9_5_IRQHandler
                0x080004d0                SPI2_IRQHandler
                0x080004d0                DMA1_Channel5_IRQHandler
                0x080004d0                EXTI4_IRQHandler
                0x080004d0                USB_LP_CAN1_RX0_IRQHandler
                0x080004d0                USB_HP_CAN1_TX_IRQHandler
                0x080004d0                DMA1_Channel3_IRQHandler
                0x080004d0                TIM1_UP_IRQHandler
                0x080004d0                WWDG_IRQHandler
                0x080004d0                TIM2_IRQHandler
                0x080004d0                TIM1_BRK_IRQHandler
                0x080004d0                EXTI1_IRQHandler
                0x080004d0                USART2_IRQHandler
                0x080004d0                I2C2_ER_IRQHandler
                0x080004d0                DMA1_Channel2_IRQHandler
                0x080004d0                CAN1_SCE_IRQHandler
                0x080004d0                FLASH_IRQHandler
                0x080004d0                USART1_IRQHandler
                0x080004d0                I2C1_ER_IRQHandler
                0x080004d0                USBWakeUp_IRQHandler
 *fill*         0x080004d2        0x2 
 .text.HAL_InitTick
                0x080004d4       0x4c CMakeFiles/stm32-learning.elf.dir/Drivers/STM32F1xx_HAL_Driver/Src/stm32f1xx_hal.c.obj
                0x080004d4                HAL_InitTick
 .text.HAL_Init
                0x08000520       0x24 CMakeFiles/stm32-learning.elf.dir/Drivers/STM32F1xx_HAL_Driver/Src/stm32f1xx_hal.c.obj
                0x08000520                HAL_Init
 .text.HAL_IncTick
                0x08000544       0x18 CMakeFiles/stm32-learning.elf.dir/Drivers/STM32F1xx_HAL_Driver/Src/stm32f1xx_hal.c.obj
                0x08000544                HAL_IncTick
 .text.HAL_GetTick
                0x0800055c        0xc CMakeFiles/stm32-learning.elf.dir/Drivers/STM32F1xx_HAL_Driver/Src/stm32f1xx_hal.c.obj
                0x0800055c                HAL_GetTick
 .text.__NVIC_SetPriority
                0x08000568       0x28 CMakeFiles/stm32-learning.elf.dir/Drivers/STM32F1xx_HAL_Driver/Src/stm32f1xx_hal_cortex.c.obj
 .text.NVIC_EncodePriority
                0x08000590       0x3e CMakeFiles/stm32-learning.elf.dir/Drivers/STM32F1xx_HAL_Driver/Src/stm32f1xx_hal_cortex.c.obj
 *fill*         0x080005ce        0x2 
 .text.HAL_NVIC_SetPriorityGrouping
                0x080005d0       0x24 CMakeFiles/stm32-learning.elf.dir/Drivers/STM32F1xx_HAL_Driver/Src/stm32f1xx_hal_cortex.c.obj
                0x080005d0                HAL_NVIC_SetPriorityGrouping
 .text.HAL_NVIC_SetPriority
                0x080005f4       0x20 CMakeFiles/stm32-learning.elf.dir/Drivers/STM32F1xx_HAL_Driver/Src/stm32f1xx_hal_cortex.c.obj
                0x080005f4                HAL_NVIC_SetPriority
 .text.HAL_SYSTICK_Config
                0x08000614       0x28 CMakeFiles/stm32-learning.elf.dir/Drivers/STM32F1xx_HAL_Driver/Src/stm32f1xx_hal_cortex.c.obj
                0x08000614                HAL_SYSTICK_Config
 .text.HAL_GPIO_Init
                0x0800063c      0x21c CMakeFiles/stm32-learning.elf.dir/Drivers/STM32F1xx_HAL_Driver/Src/stm32f1xx_hal_gpio.c.obj
                0x0800063c                HAL_GPIO_Init
 .text.RCC_Delay
                0x08000858       0x2c CMakeFiles/stm32-learning.elf.dir/Drivers/STM32F1xx_HAL_Driver/Src/stm32f1xx_hal_rcc.c.obj
 .text.HAL_RCC_OscConfig
                0x08000884      0x410 CMakeFiles/stm32-learning.elf.dir/Drivers/STM32F1xx_HAL_Driver/Src/stm32f1xx_hal_rcc.c.obj
                0x08000884                HAL_RCC_OscConfig
 .text.HAL_RCC_GetSysClockFreq
                0x08000c94       0x54 CMakeFiles/stm32-learning.elf.dir/Drivers/STM32F1xx_HAL_Driver/Src/stm32f1xx_hal_rcc.c.obj
                0x08000c94                HAL_RCC_GetSysClockFreq
 .text.HAL_RCC_ClockConfig
                0x08000ce8      0x16c CMakeFiles/stm32-learning.elf.dir/Drivers/STM32F1xx_HAL_Driver/Src/stm32f1xx_hal_rcc.c.obj
                0x08000ce8                HAL_RCC_ClockConfig
 .text.TIM_OC1_SetConfig
                0x08000e54       0x54 CMakeFiles/stm32-learning.elf.dir/Drivers/STM32F1xx_HAL_Driver/Src/stm32f1xx_hal_tim.c.obj
 .text.TIM_OC3_SetConfig
                0x08000ea8       0x5c CMakeFiles/stm32-learning.elf.dir/Drivers/STM32F1xx_HAL_Driver/Src/stm32f1xx_hal_tim.c.obj
 .text.TIM_OC4_SetConfig
                0x08000f04       0x48 CMakeFiles/stm32-learning.elf.dir/Drivers/STM32F1xx_HAL_Driver/Src/stm32f1xx_hal_tim.c.obj
 .text.TIM_TI1_ConfigInputStage
                0x08000f4c       0x24 CMakeFiles/stm32-learning.elf.dir/Drivers/STM32F1xx_HAL_Driver/Src/stm32f1xx_hal_tim.c.obj
 .text.TIM_TI2_ConfigInputStage
                0x08000f70       0x26 CMakeFiles/stm32-learning.elf.dir/Drivers/STM32F1xx_HAL_Driver/Src/stm32f1xx_hal_tim.c.obj
 .text.TIM_ITRx_SetConfig
                0x08000f96       0x10 CMakeFiles/stm32-learning.elf.dir/Drivers/STM32F1xx_HAL_Driver/Src/stm32f1xx_hal_tim.c.obj
 .text.HAL_TIM_PWM_MspInit
                0x08000fa6        0x2 CMakeFiles/stm32-learning.elf.dir/Drivers/STM32F1xx_HAL_Driver/Src/stm32f1xx_hal_tim.c.obj
                0x08000fa6                HAL_TIM_PWM_MspInit
 .text.TIM_Base_SetConfig
                0x08000fa8       0x74 CMakeFiles/stm32-learning.elf.dir/Drivers/STM32F1xx_HAL_Driver/Src/stm32f1xx_hal_tim.c.obj
                0x08000fa8                TIM_Base_SetConfig
 .text.HAL_TIM_Base_Init
                0x0800101c       0x58 CMakeFiles/stm32-learning.elf.dir/Drivers/STM32F1xx_HAL_Driver/Src/stm32f1xx_hal_tim.c.obj
                0x0800101c                HAL_TIM_Base_Init
 .text.HAL_TIM_PWM_Init
                0x08001074       0x58 CMakeFiles/stm32-learning.elf.dir/Drivers/STM32F1xx_HAL_Driver/Src/stm32f1xx_hal_tim.c.obj
                0x08001074                HAL_TIM_PWM_Init
 .text.TIM_OC2_SetConfig
                0x080010cc       0x5c CMakeFiles/stm32-learning.elf.dir/Drivers/STM32F1xx_HAL_Driver/Src/stm32f1xx_hal_tim.c.obj
                0x080010cc                TIM_OC2_SetConfig
 .text.HAL_TIM_PWM_ConfigChannel
                0x08001128       0xdc CMakeFiles/stm32-learning.elf.dir/Drivers/STM32F1xx_HAL_Driver/Src/stm32f1xx_hal_tim.c.obj
                0x08001128                HAL_TIM_PWM_ConfigChannel
 .text.TIM_ETR_SetConfig
                0x08001204       0x18 CMakeFiles/stm32-learning.elf.dir/Drivers/STM32F1xx_HAL_Driver/Src/stm32f1xx_hal_tim.c.obj
                0x08001204                TIM_ETR_SetConfig
 .text.HAL_TIM_ConfigClockSource
                0x0800121c       0xfe CMakeFiles/stm32-learning.elf.dir/Drivers/STM32F1xx_HAL_Driver/Src/stm32f1xx_hal_tim.c.obj
                0x0800121c                HAL_TIM_ConfigClockSource
 .text.TIM_CCxChannelCmd
                0x0800131a       0x1e CMakeFiles/stm32-learning.elf.dir/Drivers/STM32F1xx_HAL_Driver/Src/stm32f1xx_hal_tim.c.obj
                0x0800131a                TIM_CCxChannelCmd
 .text.HAL_TIM_PWM_Start
                0x08001338       0xdc CMakeFiles/stm32-learning.elf.dir/Drivers/STM32F1xx_HAL_Driver/Src/stm32f1xx_hal_tim.c.obj
                0x08001338                HAL_TIM_PWM_Start
 .text.HAL_TIMEx_MasterConfigSynchronization
                0x08001414       0x6c CMakeFiles/stm32-learning.elf.dir/Drivers/STM32F1xx_HAL_Driver/Src/stm32f1xx_hal_tim_ex.c.obj
                0x08001414                HAL_TIMEx_MasterConfigSynchronization
 .text.HAL_TIMEx_ConfigBreakDeadTime
                0x08001480       0x52 CMakeFiles/stm32-learning.elf.dir/Drivers/STM32F1xx_HAL_Driver/Src/stm32f1xx_hal_tim_ex.c.obj
                0x08001480                HAL_TIMEx_ConfigBreakDeadTime
 *fill*         0x080014d2        0x2 
 .text.memset   0x080014d4       0xa0 E:/Arm_GNU_ToolChain/13.2 Rel1/bin/../lib/gcc/arm-none-eabi/13.2.1/thumb/v7-m/nofp\libg.a(libc_a-memset.o)
                0x080014d4                memset
 .text.__libc_init_array
                0x08001574       0x50 E:/Arm_GNU_ToolChain/13.2 Rel1/bin/../lib/gcc/arm-none-eabi/13.2.1/thumb/v7-m/nofp\libg.a(libc_a-init.o)
                0x08001574                __libc_init_array
 .text.__retarget_lock_acquire_recursive
                0x080015c4        0x4 E:/Arm_GNU_ToolChain/13.2 Rel1/bin/../lib/gcc/arm-none-eabi/13.2.1/thumb/v7-m/nofp\libg.a(libc_a-lock.o)
                0x080015c4                __retarget_lock_acquire_recursive
 .text.__retarget_lock_release_recursive
                0x080015c8        0x4 E:/Arm_GNU_ToolChain/13.2 Rel1/bin/../lib/gcc/arm-none-eabi/13.2.1/thumb/v7-m/nofp\libg.a(libc_a-lock.o)
                0x080015c8                __retarget_lock_release_recursive
 .text.startup.register_fini
                0x080015cc       0x14 E:/Arm_GNU_ToolChain/13.2 Rel1/bin/../lib/gcc/arm-none-eabi/13.2.1/thumb/v7-m/nofp\libg.a(libc_a-__call_atexit.o)
 .text.atexit   0x080015e0        0xc E:/Arm_GNU_ToolChain/13.2 Rel1/bin/../lib/gcc/arm-none-eabi/13.2.1/thumb/v7-m/nofp\libg.a(libc_a-atexit.o)
                0x080015e0                atexit
 .text.__libc_fini_array
                0x080015ec       0x28 E:/Arm_GNU_ToolChain/13.2 Rel1/bin/../lib/gcc/arm-none-eabi/13.2.1/thumb/v7-m/nofp\libg.a(libc_a-fini.o)
                0x080015ec                __libc_fini_array
 .text.__register_exitproc
                0x08001614       0x80 E:/Arm_GNU_ToolChain/13.2 Rel1/bin/../lib/gcc/arm-none-eabi/13.2.1/thumb/v7-m/nofp\libg.a(libc_a-__atexit.o)
                0x08001614                __register_exitproc
 *(.glue_7)
 .glue_7        0x08001694        0x0 linker stubs
 *(.glue_7t)
 .glue_7t       0x08001694        0x0 linker stubs
 *(.eh_frame)
 .eh_frame      0x08001694        0x0 E:/Arm_GNU_ToolChain/13.2 Rel1/bin/../lib/gcc/arm-none-eabi/13.2.1/thumb/v7-m/nofp/crtbegin.o
 *(.init)
 .init          0x08001694        0x4 E:/Arm_GNU_ToolChain/13.2 Rel1/bin/../lib/gcc/arm-none-eabi/13.2.1/thumb/v7-m/nofp/crti.o
                0x08001694                _init
 .init          0x08001698        0x8 E:/Arm_GNU_ToolChain/13.2 Rel1/bin/../lib/gcc/arm-none-eabi/13.2.1/thumb/v7-m/nofp/crtn.o
 *(.fini)
 .fini          0x080016a0        0x4 E:/Arm_GNU_ToolChain/13.2 Rel1/bin/../lib/gcc/arm-none-eabi/13.2.1/thumb/v7-m/nofp/crti.o
                0x080016a0                _fini
 .fini          0x080016a4        0x8 E:/Arm_GNU_ToolChain/13.2 Rel1/bin/../lib/gcc/arm-none-eabi/13.2.1/thumb/v7-m/nofp/crtn.o
                0x080016ac                        . = ALIGN (0x4)
                0x080016ac                        _etext = .

.vfp11_veneer   0x080016ac        0x0
 .vfp11_veneer  0x080016ac        0x0 linker stubs

.v4_bx          0x080016ac        0x0
 .v4_bx         0x080016ac        0x0 linker stubs

.iplt           0x080016ac        0x0
 .iplt          0x080016ac        0x0 E:/Arm_GNU_ToolChain/13.2 Rel1/bin/../lib/gcc/arm-none-eabi/13.2.1/thumb/v7-m/nofp/crtbegin.o

.rodata         0x080016ac       0x24
                0x080016ac                        . = ALIGN (0x4)
 *(.rodata)
 *(.rodata*)
 .rodata.AHBPrescTable
                0x080016ac       0x10 CMakeFiles/stm32-learning.elf.dir/Core/Src/system_stm32f1xx.c.obj
                0x080016ac                AHBPrescTable
 .rodata.aPredivFactorTable.0
                0x080016bc        0x2 CMakeFiles/stm32-learning.elf.dir/Drivers/STM32F1xx_HAL_Driver/Src/stm32f1xx_hal_rcc.c.obj
 *fill*         0x080016be        0x2 
 .rodata.aPLLMULFactorTable.1
                0x080016c0       0x10 CMakeFiles/stm32-learning.elf.dir/Drivers/STM32F1xx_HAL_Driver/Src/stm32f1xx_hal_rcc.c.obj
                0x080016d0                        . = ALIGN (0x4)

.ARM.extab      0x080016d0        0x0
                0x080016d0                        . = ALIGN (0x4)
 *(.ARM.extab* .gnu.linkonce.armextab.*)
                0x080016d0                        . = ALIGN (0x4)

.ARM            0x080016d0        0x0
                0x080016d0                        . = ALIGN (0x4)
                0x080016d0                        __exidx_start = .
 *(.ARM.exidx*)
                0x080016d0                        __exidx_end = .
                0x080016d0                        . = ALIGN (0x4)

.preinit_array  0x080016d0        0x0
                0x080016d0                        . = ALIGN (0x4)
                0x080016d0                        PROVIDE (__preinit_array_start = .)
 *(.preinit_array*)
                0x080016d0                        PROVIDE (__preinit_array_end = .)
                0x080016d0                        . = ALIGN (0x4)

.init_array     0x080016d0        0x8
                0x080016d0                        . = ALIGN (0x4)
                0x080016d0                        PROVIDE (__init_array_start = .)
 *(SORT_BY_NAME(.init_array.*))
 .init_array.00000
                0x080016d0        0x4 E:/Arm_GNU_ToolChain/13.2 Rel1/bin/../lib/gcc/arm-none-eabi/13.2.1/thumb/v7-m/nofp\libg.a(libc_a-__call_atexit.o)
 *(.init_array*)
 .init_array    0x080016d4        0x4 E:/Arm_GNU_ToolChain/13.2 Rel1/bin/../lib/gcc/arm-none-eabi/13.2.1/thumb/v7-m/nofp/crtbegin.o
                0x080016d8                        PROVIDE (__init_array_end = .)
                0x080016d8                        . = ALIGN (0x4)

.fini_array     0x080016d8        0x4
                0x080016d8                        . = ALIGN (0x4)
                0x080016d8                        PROVIDE (__fini_array_start = .)
 *(SORT_BY_NAME(.fini_array.*))
 *(.fini_array*)
 .fini_array    0x080016d8        0x4 E:/Arm_GNU_ToolChain/13.2 Rel1/bin/../lib/gcc/arm-none-eabi/13.2.1/thumb/v7-m/nofp/crtbegin.o
                0x080016dc                        PROVIDE (__fini_array_end = .)
                0x080016dc                        . = ALIGN (0x4)
                0x080016dc                        _sidata = LOADADDR (.data)

.rel.dyn        0x080016dc        0x0
 .rel.iplt      0x080016dc        0x0 E:/Arm_GNU_ToolChain/13.2 Rel1/bin/../lib/gcc/arm-none-eabi/13.2.1/thumb/v7-m/nofp/crtbegin.o

.data           0x20000000       0x10 load address 0x080016dc
                0x20000000                        . = ALIGN (0x4)
                0x20000000                        _sdata = .
 *(.data)
 *(.data*)
 .data.SystemCoreClock
                0x20000000        0x4 CMakeFiles/stm32-learning.elf.dir/Core/Src/system_stm32f1xx.c.obj
                0x20000000                SystemCoreClock
 .data.uwTickFreq
                0x20000004        0x1 CMakeFiles/stm32-learning.elf.dir/Drivers/STM32F1xx_HAL_Driver/Src/stm32f1xx_hal.c.obj
                0x20000004                uwTickFreq
 *fill*         0x20000005        0x3 
 .data.uwTickPrio
                0x20000008        0x4 CMakeFiles/stm32-learning.elf.dir/Drivers/STM32F1xx_HAL_Driver/Src/stm32f1xx_hal.c.obj
                0x20000008                uwTickPrio
 .data.__atexit_recursive_mutex
                0x2000000c        0x4 E:/Arm_GNU_ToolChain/13.2 Rel1/bin/../lib/gcc/arm-none-eabi/13.2.1/thumb/v7-m/nofp\libg.a(libc_a-__call_atexit.o)
                0x2000000c                __atexit_recursive_mutex
 *(.RamFunc)
 *(.RamFunc*)
                0x20000010                        . = ALIGN (0x4)
                0x20000010                        _edata = .

.tm_clone_table
                0x20000010        0x0 load address 0x080016ec
 .tm_clone_table
                0x20000010        0x0 E:/Arm_GNU_ToolChain/13.2 Rel1/bin/../lib/gcc/arm-none-eabi/13.2.1/thumb/v7-m/nofp/crtbegin.o
 .tm_clone_table
                0x20000010        0x0 E:/Arm_GNU_ToolChain/13.2 Rel1/bin/../lib/gcc/arm-none-eabi/13.2.1/thumb/v7-m/nofp/crtend.o

.igot.plt       0x20000010        0x0 load address 0x080016ec
 .igot.plt      0x20000010        0x0 E:/Arm_GNU_ToolChain/13.2 Rel1/bin/../lib/gcc/arm-none-eabi/13.2.1/thumb/v7-m/nofp/crtbegin.o
                0x20000010                        . = ALIGN (0x4)

.bss            0x20000010      0x200 load address 0x080016ec
                0x20000010                        _sbss = .
                0x20000010                        __bss_start__ = _sbss
 *(.bss)
 *(.bss*)
 .bss.completed.1
                0x20000010        0x1 E:/Arm_GNU_ToolChain/13.2 Rel1/bin/../lib/gcc/arm-none-eabi/13.2.1/thumb/v7-m/nofp/crtbegin.o
 *fill*         0x20000011        0x3 
 .bss.object.0  0x20000014       0x18 E:/Arm_GNU_ToolChain/13.2 Rel1/bin/../lib/gcc/arm-none-eabi/13.2.1/thumb/v7-m/nofp/crtbegin.o
 .bss.htim1     0x2000002c       0x48 CMakeFiles/stm32-learning.elf.dir/Core/Src/tim.c.obj
                0x2000002c                htim1
 .bss.uwTick    0x20000074        0x4 CMakeFiles/stm32-learning.elf.dir/Drivers/STM32F1xx_HAL_Driver/Src/stm32f1xx_hal.c.obj
                0x20000074                uwTick
 .bss.__lock___atexit_recursive_mutex
                0x20000078        0x1 E:/Arm_GNU_ToolChain/13.2 Rel1/bin/../lib/gcc/arm-none-eabi/13.2.1/thumb/v7-m/nofp\libg.a(libc_a-lock.o)
                0x20000078                __lock___atexit_recursive_mutex
 *fill*         0x20000079        0x3 
 .bss.__atexit  0x2000007c        0x4 E:/Arm_GNU_ToolChain/13.2 Rel1/bin/../lib/gcc/arm-none-eabi/13.2.1/thumb/v7-m/nofp\libg.a(libc_a-__call_atexit.o)
                0x2000007c                __atexit
 .bss.__atexit0
                0x20000080      0x190 E:/Arm_GNU_ToolChain/13.2 Rel1/bin/../lib/gcc/arm-none-eabi/13.2.1/thumb/v7-m/nofp\libg.a(libc_a-__atexit.o)
                0x20000080                __atexit0
 *(COMMON)
                0x20000210                        . = ALIGN (0x4)
                0x20000210                        _ebss = .
                0x20000210                        __bss_end__ = _ebss

._user_heap_stack
                0x20000210      0x600 load address 0x080016ec
                0x20000210                        . = ALIGN (0x8)
                [!provide]                        PROVIDE (end = .)
                0x20000210                        PROVIDE (_end = .)
                0x20000410                        . = (. + _Min_Heap_Size)
 *fill*         0x20000210      0x200 
                0x20000810                        . = (. + _Min_Stack_Size)
 *fill*         0x20000410      0x400 
                0x20000810                        . = ALIGN (0x8)

/DISCARD/
 libc.a(*)
 libm.a(*)
 libgcc.a(*)

.ARM.attributes
                0x00000000       0x29
 *(.ARM.attributes)
 .ARM.attributes
                0x00000000       0x1d E:/Arm_GNU_ToolChain/13.2 Rel1/bin/../lib/gcc/arm-none-eabi/13.2.1/thumb/v7-m/nofp/crti.o
 .ARM.attributes
                0x0000001d       0x2d E:/Arm_GNU_ToolChain/13.2 Rel1/bin/../lib/gcc/arm-none-eabi/13.2.1/thumb/v7-m/nofp/crtbegin.o
 .ARM.attributes
                0x0000004a       0x2d CMakeFiles/stm32-learning.elf.dir/Core/Src/gpio.c.obj
 .ARM.attributes
                0x00000077       0x2d CMakeFiles/stm32-learning.elf.dir/Core/Src/main.c.obj
 .ARM.attributes
                0x000000a4       0x2d CMakeFiles/stm32-learning.elf.dir/Core/Src/sg90.c.obj
 .ARM.attributes
                0x000000d1       0x2d CMakeFiles/stm32-learning.elf.dir/Core/Src/stm32f1xx_hal_msp.c.obj
 .ARM.attributes
                0x000000fe       0x2d CMakeFiles/stm32-learning.elf.dir/Core/Src/stm32f1xx_it.c.obj
 .ARM.attributes
                0x0000012b       0x2d CMakeFiles/stm32-learning.elf.dir/Core/Src/system_stm32f1xx.c.obj
 .ARM.attributes
                0x00000158       0x2d CMakeFiles/stm32-learning.elf.dir/Core/Src/tim.c.obj
 .ARM.attributes
                0x00000185       0x21 CMakeFiles/stm32-learning.elf.dir/Core/Startup/startup_stm32f103c8tx.s.obj
 .ARM.attributes
                0x000001a6       0x2d CMakeFiles/stm32-learning.elf.dir/Drivers/STM32F1xx_HAL_Driver/Src/stm32f1xx_hal.c.obj
 .ARM.attributes
                0x000001d3       0x2d CMakeFiles/stm32-learning.elf.dir/Drivers/STM32F1xx_HAL_Driver/Src/stm32f1xx_hal_cortex.c.obj
 .ARM.attributes
                0x00000200       0x2d CMakeFiles/stm32-learning.elf.dir/Drivers/STM32F1xx_HAL_Driver/Src/stm32f1xx_hal_gpio.c.obj
 .ARM.attributes
                0x0000022d       0x2d CMakeFiles/stm32-learning.elf.dir/Drivers/STM32F1xx_HAL_Driver/Src/stm32f1xx_hal_rcc.c.obj
 .ARM.attributes
                0x0000025a       0x2d CMakeFiles/stm32-learning.elf.dir/Drivers/STM32F1xx_HAL_Driver/Src/stm32f1xx_hal_tim.c.obj
 .ARM.attributes
                0x00000287       0x2d CMakeFiles/stm32-learning.elf.dir/Drivers/STM32F1xx_HAL_Driver/Src/stm32f1xx_hal_tim_ex.c.obj
 .ARM.attributes
                0x000002b4       0x1d E:/Arm_GNU_ToolChain/13.2 Rel1/bin/../lib/gcc/arm-none-eabi/13.2.1/thumb/v7-m/nofp\libgcc.a(_arm_fixunsdfsi.o)
 .ARM.attributes
                0x000002d1       0x2d E:/Arm_GNU_ToolChain/13.2 Rel1/bin/../lib/gcc/arm-none-eabi/13.2.1/thumb/v7-m/nofp\libg.a(libc_a-memset.o)
 .ARM.attributes
                0x000002fe       0x2d E:/Arm_GNU_ToolChain/13.2 Rel1/bin/../lib/gcc/arm-none-eabi/13.2.1/thumb/v7-m/nofp\libg.a(libc_a-init.o)
 .ARM.attributes
                0x0000032b       0x2d E:/Arm_GNU_ToolChain/13.2 Rel1/bin/../lib/gcc/arm-none-eabi/13.2.1/thumb/v7-m/nofp\libg.a(libc_a-lock.o)
 .ARM.attributes
                0x00000358       0x2d E:/Arm_GNU_ToolChain/13.2 Rel1/bin/../lib/gcc/arm-none-eabi/13.2.1/thumb/v7-m/nofp\libg.a(libc_a-__call_atexit.o)
 .ARM.attributes
                0x00000385       0x2d E:/Arm_GNU_ToolChain/13.2 Rel1/bin/../lib/gcc/arm-none-eabi/13.2.1/thumb/v7-m/nofp\libg.a(libc_a-atexit.o)
 .ARM.attributes
                0x000003b2       0x2d E:/Arm_GNU_ToolChain/13.2 Rel1/bin/../lib/gcc/arm-none-eabi/13.2.1/thumb/v7-m/nofp\libg.a(libc_a-fini.o)
 .ARM.attributes
                0x000003df       0x2d E:/Arm_GNU_ToolChain/13.2 Rel1/bin/../lib/gcc/arm-none-eabi/13.2.1/thumb/v7-m/nofp\libg.a(libc_a-__atexit.o)
 .ARM.attributes
                0x0000040c       0x2d E:/Arm_GNU_ToolChain/13.2 Rel1/bin/../lib/gcc/arm-none-eabi/13.2.1/thumb/v7-m/nofp/crtend.o
 .ARM.attributes
                0x00000439       0x1d E:/Arm_GNU_ToolChain/13.2 Rel1/bin/../lib/gcc/arm-none-eabi/13.2.1/thumb/v7-m/nofp/crtn.o
OUTPUT(stm32-learning.elf elf32-littlearm)
LOAD linker stubs
LOAD E:/Arm_GNU_ToolChain/13.2 Rel1/bin/../lib/gcc/arm-none-eabi/13.2.1/thumb/v7-m/nofp\libc.a
LOAD E:/Arm_GNU_ToolChain/13.2 Rel1/bin/../lib/gcc/arm-none-eabi/13.2.1/thumb/v7-m/nofp\libm.a
LOAD E:/Arm_GNU_ToolChain/13.2 Rel1/bin/../lib/gcc/arm-none-eabi/13.2.1/thumb/v7-m/nofp\libgcc.a

.debug_info     0x00000000     0x97b2
 .debug_info    0x00000000      0x165 CMakeFiles/stm32-learning.elf.dir/Core/Src/gpio.c.obj
 .debug_info    0x00000165      0x357 CMakeFiles/stm32-learning.elf.dir/Core/Src/main.c.obj
 .debug_info    0x000004bc      0x697 CMakeFiles/stm32-learning.elf.dir/Core/Src/sg90.c.obj
 .debug_info    0x00000b53      0x1f4 CMakeFiles/stm32-learning.elf.dir/Core/Src/stm32f1xx_hal_msp.c.obj
 .debug_info    0x00000d47      0x11d CMakeFiles/stm32-learning.elf.dir/Core/Src/stm32f1xx_it.c.obj
 .debug_info    0x00000e64      0x22d CMakeFiles/stm32-learning.elf.dir/Core/Src/system_stm32f1xx.c.obj
 .debug_info    0x00001091      0xc18 CMakeFiles/stm32-learning.elf.dir/Core/Src/tim.c.obj
 .debug_info    0x00001ca9       0x30 CMakeFiles/stm32-learning.elf.dir/Core/Startup/startup_stm32f103c8tx.s.obj
 .debug_info    0x00001cd9      0x7a2 CMakeFiles/stm32-learning.elf.dir/Drivers/STM32F1xx_HAL_Driver/Src/stm32f1xx_hal.c.obj
 .debug_info    0x0000247b      0xcd9 CMakeFiles/stm32-learning.elf.dir/Drivers/STM32F1xx_HAL_Driver/Src/stm32f1xx_hal_cortex.c.obj
 .debug_info    0x00003154      0x604 CMakeFiles/stm32-learning.elf.dir/Drivers/STM32F1xx_HAL_Driver/Src/stm32f1xx_hal_gpio.c.obj
 .debug_info    0x00003758      0x9c7 CMakeFiles/stm32-learning.elf.dir/Drivers/STM32F1xx_HAL_Driver/Src/stm32f1xx_hal_rcc.c.obj
 .debug_info    0x0000411f     0x3be7 CMakeFiles/stm32-learning.elf.dir/Drivers/STM32F1xx_HAL_Driver/Src/stm32f1xx_hal_tim.c.obj
 .debug_info    0x00007d06     0x1aac CMakeFiles/stm32-learning.elf.dir/Drivers/STM32F1xx_HAL_Driver/Src/stm32f1xx_hal_tim_ex.c.obj

.debug_abbrev   0x00000000     0x1851
 .debug_abbrev  0x00000000       0xc4 CMakeFiles/stm32-learning.elf.dir/Core/Src/gpio.c.obj
 .debug_abbrev  0x000000c4      0x1aa CMakeFiles/stm32-learning.elf.dir/Core/Src/main.c.obj
 .debug_abbrev  0x0000026e      0x1b2 CMakeFiles/stm32-learning.elf.dir/Core/Src/sg90.c.obj
 .debug_abbrev  0x00000420       0xed CMakeFiles/stm32-learning.elf.dir/Core/Src/stm32f1xx_hal_msp.c.obj
 .debug_abbrev  0x0000050d       0x7c CMakeFiles/stm32-learning.elf.dir/Core/Src/stm32f1xx_it.c.obj
 .debug_abbrev  0x00000589      0x143 CMakeFiles/stm32-learning.elf.dir/Core/Src/system_stm32f1xx.c.obj
 .debug_abbrev  0x000006cc      0x252 CMakeFiles/stm32-learning.elf.dir/Core/Src/tim.c.obj
 .debug_abbrev  0x0000091e       0x24 CMakeFiles/stm32-learning.elf.dir/Core/Startup/startup_stm32f103c8tx.s.obj
 .debug_abbrev  0x00000942      0x22d CMakeFiles/stm32-learning.elf.dir/Drivers/STM32F1xx_HAL_Driver/Src/stm32f1xx_hal.c.obj
 .debug_abbrev  0x00000b6f      0x36d CMakeFiles/stm32-learning.elf.dir/Drivers/STM32F1xx_HAL_Driver/Src/stm32f1xx_hal_cortex.c.obj
 .debug_abbrev  0x00000edc      0x1f7 CMakeFiles/stm32-learning.elf.dir/Drivers/STM32F1xx_HAL_Driver/Src/stm32f1xx_hal_gpio.c.obj
 .debug_abbrev  0x000010d3      0x2a0 CMakeFiles/stm32-learning.elf.dir/Drivers/STM32F1xx_HAL_Driver/Src/stm32f1xx_hal_rcc.c.obj
 .debug_abbrev  0x00001373      0x270 CMakeFiles/stm32-learning.elf.dir/Drivers/STM32F1xx_HAL_Driver/Src/stm32f1xx_hal_tim.c.obj
 .debug_abbrev  0x000015e3      0x26e CMakeFiles/stm32-learning.elf.dir/Drivers/STM32F1xx_HAL_Driver/Src/stm32f1xx_hal_tim_ex.c.obj

.debug_aranges  0x00000000      0x938
 .debug_aranges
                0x00000000       0x20 CMakeFiles/stm32-learning.elf.dir/Core/Src/gpio.c.obj
 .debug_aranges
                0x00000020       0x30 CMakeFiles/stm32-learning.elf.dir/Core/Src/main.c.obj
 .debug_aranges
                0x00000050       0x20 CMakeFiles/stm32-learning.elf.dir/Core/Src/sg90.c.obj
 .debug_aranges
                0x00000070       0x20 CMakeFiles/stm32-learning.elf.dir/Core/Src/stm32f1xx_hal_msp.c.obj
 .debug_aranges
                0x00000090       0x60 CMakeFiles/stm32-learning.elf.dir/Core/Src/stm32f1xx_it.c.obj
 .debug_aranges
                0x000000f0       0x28 CMakeFiles/stm32-learning.elf.dir/Core/Src/system_stm32f1xx.c.obj
 .debug_aranges
                0x00000118       0x38 CMakeFiles/stm32-learning.elf.dir/Core/Src/tim.c.obj
 .debug_aranges
                0x00000150       0x28 CMakeFiles/stm32-learning.elf.dir/Core/Startup/startup_stm32f103c8tx.s.obj
 .debug_aranges
                0x00000178       0xe0 CMakeFiles/stm32-learning.elf.dir/Drivers/STM32F1xx_HAL_Driver/Src/stm32f1xx_hal.c.obj
 .debug_aranges
                0x00000258       0xc0 CMakeFiles/stm32-learning.elf.dir/Drivers/STM32F1xx_HAL_Driver/Src/stm32f1xx_hal_cortex.c.obj
 .debug_aranges
                0x00000318       0x58 CMakeFiles/stm32-learning.elf.dir/Drivers/STM32F1xx_HAL_Driver/Src/stm32f1xx_hal_gpio.c.obj
 .debug_aranges
                0x00000370       0x90 CMakeFiles/stm32-learning.elf.dir/Drivers/STM32F1xx_HAL_Driver/Src/stm32f1xx_hal_rcc.c.obj
 .debug_aranges
                0x00000400      0x3d0 CMakeFiles/stm32-learning.elf.dir/Drivers/STM32F1xx_HAL_Driver/Src/stm32f1xx_hal_tim.c.obj
 .debug_aranges
                0x000007d0      0x168 CMakeFiles/stm32-learning.elf.dir/Drivers/STM32F1xx_HAL_Driver/Src/stm32f1xx_hal_tim_ex.c.obj

.debug_rnglists
                0x00000000      0x6f6
 .debug_rnglists
                0x00000000       0x13 CMakeFiles/stm32-learning.elf.dir/Core/Src/gpio.c.obj
 .debug_rnglists
                0x00000013       0x1f CMakeFiles/stm32-learning.elf.dir/Core/Src/main.c.obj
 .debug_rnglists
                0x00000032       0x13 CMakeFiles/stm32-learning.elf.dir/Core/Src/sg90.c.obj
 .debug_rnglists
                0x00000045       0x13 CMakeFiles/stm32-learning.elf.dir/Core/Src/stm32f1xx_hal_msp.c.obj
 .debug_rnglists
                0x00000058       0x43 CMakeFiles/stm32-learning.elf.dir/Core/Src/stm32f1xx_it.c.obj
 .debug_rnglists
                0x0000009b       0x1a CMakeFiles/stm32-learning.elf.dir/Core/Src/system_stm32f1xx.c.obj
 .debug_rnglists
                0x000000b5       0x26 CMakeFiles/stm32-learning.elf.dir/Core/Src/tim.c.obj
 .debug_rnglists
                0x000000db       0x19 CMakeFiles/stm32-learning.elf.dir/Core/Startup/startup_stm32f103c8tx.s.obj
 .debug_rnglists
                0x000000f4       0xa3 CMakeFiles/stm32-learning.elf.dir/Drivers/STM32F1xx_HAL_Driver/Src/stm32f1xx_hal.c.obj
 .debug_rnglists
                0x00000197       0x8b CMakeFiles/stm32-learning.elf.dir/Drivers/STM32F1xx_HAL_Driver/Src/stm32f1xx_hal_cortex.c.obj
 .debug_rnglists
                0x00000222       0x3f CMakeFiles/stm32-learning.elf.dir/Drivers/STM32F1xx_HAL_Driver/Src/stm32f1xx_hal_gpio.c.obj
 .debug_rnglists
                0x00000261       0x7d CMakeFiles/stm32-learning.elf.dir/Drivers/STM32F1xx_HAL_Driver/Src/stm32f1xx_hal_rcc.c.obj
 .debug_rnglists
                0x000002de      0x2fe CMakeFiles/stm32-learning.elf.dir/Drivers/STM32F1xx_HAL_Driver/Src/stm32f1xx_hal_tim.c.obj
 .debug_rnglists
                0x000005dc      0x11a CMakeFiles/stm32-learning.elf.dir/Drivers/STM32F1xx_HAL_Driver/Src/stm32f1xx_hal_tim_ex.c.obj

.debug_line     0x00000000     0x8d8d
 .debug_line    0x00000000      0x149 CMakeFiles/stm32-learning.elf.dir/Core/Src/gpio.c.obj
 .debug_line    0x00000149      0x2d5 CMakeFiles/stm32-learning.elf.dir/Core/Src/main.c.obj
 .debug_line    0x0000041e      0x1e2 CMakeFiles/stm32-learning.elf.dir/Core/Src/sg90.c.obj
 .debug_line    0x00000600      0x15d CMakeFiles/stm32-learning.elf.dir/Core/Src/stm32f1xx_hal_msp.c.obj
 .debug_line    0x0000075d      0x161 CMakeFiles/stm32-learning.elf.dir/Core/Src/stm32f1xx_it.c.obj
 .debug_line    0x000008be      0x225 CMakeFiles/stm32-learning.elf.dir/Core/Src/system_stm32f1xx.c.obj
 .debug_line    0x00000ae3      0x41a CMakeFiles/stm32-learning.elf.dir/Core/Src/tim.c.obj
 .debug_line    0x00000efd       0x78 CMakeFiles/stm32-learning.elf.dir/Core/Startup/startup_stm32f103c8tx.s.obj
 .debug_line    0x00000f75      0x532 CMakeFiles/stm32-learning.elf.dir/Drivers/STM32F1xx_HAL_Driver/Src/stm32f1xx_hal.c.obj
 .debug_line    0x000014a7      0x699 CMakeFiles/stm32-learning.elf.dir/Drivers/STM32F1xx_HAL_Driver/Src/stm32f1xx_hal_cortex.c.obj
 .debug_line    0x00001b40      0x5c2 CMakeFiles/stm32-learning.elf.dir/Drivers/STM32F1xx_HAL_Driver/Src/stm32f1xx_hal_gpio.c.obj
 .debug_line    0x00002102      0xc9c CMakeFiles/stm32-learning.elf.dir/Drivers/STM32F1xx_HAL_Driver/Src/stm32f1xx_hal_rcc.c.obj
 .debug_line    0x00002d9e     0x45ee CMakeFiles/stm32-learning.elf.dir/Drivers/STM32F1xx_HAL_Driver/Src/stm32f1xx_hal_tim.c.obj
 .debug_line    0x0000738c     0x1a01 CMakeFiles/stm32-learning.elf.dir/Drivers/STM32F1xx_HAL_Driver/Src/stm32f1xx_hal_tim_ex.c.obj

.debug_str      0x00000000     0x2d26
 .debug_str     0x00000000     0x2d26 CMakeFiles/stm32-learning.elf.dir/Core/Src/gpio.c.obj
                                0x1f7 (size before relaxing)
 .debug_str     0x00002d26      0x392 CMakeFiles/stm32-learning.elf.dir/Core/Src/main.c.obj
 .debug_str     0x00002d26      0x6d6 CMakeFiles/stm32-learning.elf.dir/Core/Src/sg90.c.obj
 .debug_str     0x00002d26      0x231 CMakeFiles/stm32-learning.elf.dir/Core/Src/stm32f1xx_hal_msp.c.obj
 .debug_str     0x00002d26      0x234 CMakeFiles/stm32-learning.elf.dir/Core/Src/stm32f1xx_it.c.obj
 .debug_str     0x00002d26      0x266 CMakeFiles/stm32-learning.elf.dir/Core/Src/system_stm32f1xx.c.obj
 .debug_str     0x00002d26      0xa12 CMakeFiles/stm32-learning.elf.dir/Core/Src/tim.c.obj
 .debug_str     0x00002d26       0x77 CMakeFiles/stm32-learning.elf.dir/Core/Startup/startup_stm32f103c8tx.s.obj
 .debug_str     0x00002d26      0x840 CMakeFiles/stm32-learning.elf.dir/Drivers/STM32F1xx_HAL_Driver/Src/stm32f1xx_hal.c.obj
 .debug_str     0x00002d26      0x8e5 CMakeFiles/stm32-learning.elf.dir/Drivers/STM32F1xx_HAL_Driver/Src/stm32f1xx_hal_cortex.c.obj
 .debug_str     0x00002d26      0x412 CMakeFiles/stm32-learning.elf.dir/Drivers/STM32F1xx_HAL_Driver/Src/stm32f1xx_hal_gpio.c.obj
 .debug_str     0x00002d26      0x63d CMakeFiles/stm32-learning.elf.dir/Drivers/STM32F1xx_HAL_Driver/Src/stm32f1xx_hal_rcc.c.obj
 .debug_str     0x00002d26     0x1687 CMakeFiles/stm32-learning.elf.dir/Drivers/STM32F1xx_HAL_Driver/Src/stm32f1xx_hal_tim.c.obj
 .debug_str     0x00002d26      0xea3 CMakeFiles/stm32-learning.elf.dir/Drivers/STM32F1xx_HAL_Driver/Src/stm32f1xx_hal_tim_ex.c.obj

.comment        0x00000000       0x44
 .comment       0x00000000       0x44 CMakeFiles/stm32-learning.elf.dir/Core/Src/gpio.c.obj
                                 0x45 (size before relaxing)
 .comment       0x00000044       0x45 CMakeFiles/stm32-learning.elf.dir/Core/Src/main.c.obj
 .comment       0x00000044       0x45 CMakeFiles/stm32-learning.elf.dir/Core/Src/sg90.c.obj
 .comment       0x00000044       0x45 CMakeFiles/stm32-learning.elf.dir/Core/Src/stm32f1xx_hal_msp.c.obj
 .comment       0x00000044       0x45 CMakeFiles/stm32-learning.elf.dir/Core/Src/stm32f1xx_it.c.obj
 .comment       0x00000044       0x45 CMakeFiles/stm32-learning.elf.dir/Core/Src/system_stm32f1xx.c.obj
 .comment       0x00000044       0x45 CMakeFiles/stm32-learning.elf.dir/Core/Src/tim.c.obj
 .comment       0x00000044       0x45 CMakeFiles/stm32-learning.elf.dir/Drivers/STM32F1xx_HAL_Driver/Src/stm32f1xx_hal.c.obj
 .comment       0x00000044       0x45 CMakeFiles/stm32-learning.elf.dir/Drivers/STM32F1xx_HAL_Driver/Src/stm32f1xx_hal_cortex.c.obj
 .comment       0x00000044       0x45 CMakeFiles/stm32-learning.elf.dir/Drivers/STM32F1xx_HAL_Driver/Src/stm32f1xx_hal_gpio.c.obj
 .comment       0x00000044       0x45 CMakeFiles/stm32-learning.elf.dir/Drivers/STM32F1xx_HAL_Driver/Src/stm32f1xx_hal_rcc.c.obj
 .comment       0x00000044       0x45 CMakeFiles/stm32-learning.elf.dir/Drivers/STM32F1xx_HAL_Driver/Src/stm32f1xx_hal_tim.c.obj
 .comment       0x00000044       0x45 CMakeFiles/stm32-learning.elf.dir/Drivers/STM32F1xx_HAL_Driver/Src/stm32f1xx_hal_tim_ex.c.obj

.debug_frame    0x00000000     0x1934
 .debug_frame   0x00000000       0x28 CMakeFiles/stm32-learning.elf.dir/Core/Src/gpio.c.obj
 .debug_frame   0x00000028       0x58 CMakeFiles/stm32-learning.elf.dir/Core/Src/main.c.obj
 .debug_frame   0x00000080       0x2c CMakeFiles/stm32-learning.elf.dir/Core/Src/sg90.c.obj
 .debug_frame   0x000000ac       0x28 CMakeFiles/stm32-learning.elf.dir/Core/Src/stm32f1xx_hal_msp.c.obj
 .debug_frame   0x000000d4       0xa8 CMakeFiles/stm32-learning.elf.dir/Core/Src/stm32f1xx_it.c.obj
 .debug_frame   0x0000017c       0x30 CMakeFiles/stm32-learning.elf.dir/Core/Src/system_stm32f1xx.c.obj
 .debug_frame   0x000001ac       0x7c CMakeFiles/stm32-learning.elf.dir/Core/Src/tim.c.obj
 .debug_frame   0x00000228      0x1cc CMakeFiles/stm32-learning.elf.dir/Drivers/STM32F1xx_HAL_Driver/Src/stm32f1xx_hal.c.obj
 .debug_frame   0x000003f4      0x19c CMakeFiles/stm32-learning.elf.dir/Drivers/STM32F1xx_HAL_Driver/Src/stm32f1xx_hal_cortex.c.obj
 .debug_frame   0x00000590       0xe4 CMakeFiles/stm32-learning.elf.dir/Drivers/STM32F1xx_HAL_Driver/Src/stm32f1xx_hal_gpio.c.obj
 .debug_frame   0x00000674      0x184 CMakeFiles/stm32-learning.elf.dir/Drivers/STM32F1xx_HAL_Driver/Src/stm32f1xx_hal_rcc.c.obj
 .debug_frame   0x000007f8      0xb14 CMakeFiles/stm32-learning.elf.dir/Drivers/STM32F1xx_HAL_Driver/Src/stm32f1xx_hal_tim.c.obj
 .debug_frame   0x0000130c      0x418 CMakeFiles/stm32-learning.elf.dir/Drivers/STM32F1xx_HAL_Driver/Src/stm32f1xx_hal_tim_ex.c.obj
 .debug_frame   0x00001724       0x24 E:/Arm_GNU_ToolChain/13.2 Rel1/bin/../lib/gcc/arm-none-eabi/13.2.1/thumb/v7-m/nofp\libgcc.a(_arm_fixunsdfsi.o)
 .debug_frame   0x00001748       0x2c E:/Arm_GNU_ToolChain/13.2 Rel1/bin/../lib/gcc/arm-none-eabi/13.2.1/thumb/v7-m/nofp\libg.a(libc_a-memset.o)
 .debug_frame   0x00001774       0x2c E:/Arm_GNU_ToolChain/13.2 Rel1/bin/../lib/gcc/arm-none-eabi/13.2.1/thumb/v7-m/nofp\libg.a(libc_a-init.o)
 .debug_frame   0x000017a0       0xb0 E:/Arm_GNU_ToolChain/13.2 Rel1/bin/../lib/gcc/arm-none-eabi/13.2.1/thumb/v7-m/nofp\libg.a(libc_a-lock.o)
 .debug_frame   0x00001850       0x5c E:/Arm_GNU_ToolChain/13.2 Rel1/bin/../lib/gcc/arm-none-eabi/13.2.1/thumb/v7-m/nofp\libg.a(libc_a-__call_atexit.o)
 .debug_frame   0x000018ac       0x20 E:/Arm_GNU_ToolChain/13.2 Rel1/bin/../lib/gcc/arm-none-eabi/13.2.1/thumb/v7-m/nofp\libg.a(libc_a-atexit.o)
 .debug_frame   0x000018cc       0x34 E:/Arm_GNU_ToolChain/13.2 Rel1/bin/../lib/gcc/arm-none-eabi/13.2.1/thumb/v7-m/nofp\libg.a(libc_a-fini.o)
 .debug_frame   0x00001900       0x34 E:/Arm_GNU_ToolChain/13.2 Rel1/bin/../lib/gcc/arm-none-eabi/13.2.1/thumb/v7-m/nofp\libg.a(libc_a-__atexit.o)

.debug_loclists
                0x00000000     0x59ea
 .debug_loclists
                0x00000000       0x2a CMakeFiles/stm32-learning.elf.dir/Core/Src/sg90.c.obj
 .debug_loclists
                0x0000002a       0x17 CMakeFiles/stm32-learning.elf.dir/Core/Src/stm32f1xx_hal_msp.c.obj
 .debug_loclists
                0x00000041       0xb7 CMakeFiles/stm32-learning.elf.dir/Core/Src/system_stm32f1xx.c.obj
 .debug_loclists
                0x000000f8       0x40 CMakeFiles/stm32-learning.elf.dir/Core/Src/tim.c.obj
 .debug_loclists
                0x00000138       0xe1 CMakeFiles/stm32-learning.elf.dir/Drivers/STM32F1xx_HAL_Driver/Src/stm32f1xx_hal.c.obj
 .debug_loclists
                0x00000219      0x530 CMakeFiles/stm32-learning.elf.dir/Drivers/STM32F1xx_HAL_Driver/Src/stm32f1xx_hal_cortex.c.obj
 .debug_loclists
                0x00000749      0x318 CMakeFiles/stm32-learning.elf.dir/Drivers/STM32F1xx_HAL_Driver/Src/stm32f1xx_hal_gpio.c.obj
 .debug_loclists
                0x00000a61      0x42e CMakeFiles/stm32-learning.elf.dir/Drivers/STM32F1xx_HAL_Driver/Src/stm32f1xx_hal_rcc.c.obj
 .debug_loclists
                0x00000e8f     0x37c3 CMakeFiles/stm32-learning.elf.dir/Drivers/STM32F1xx_HAL_Driver/Src/stm32f1xx_hal_tim.c.obj
 .debug_loclists
                0x00004652     0x1398 CMakeFiles/stm32-learning.elf.dir/Drivers/STM32F1xx_HAL_Driver/Src/stm32f1xx_hal_tim_ex.c.obj

.debug_line_str
                0x00000000      0x125
 .debug_line_str
                0x00000000      0x125 CMakeFiles/stm32-learning.elf.dir/Core/Startup/startup_stm32f103c8tx.s.obj
                                 0x5b (size before relaxing)
 .debug_line_str
                0x00000125       0xca E:/Arm_GNU_ToolChain/13.2 Rel1/bin/../lib/gcc/arm-none-eabi/13.2.1/thumb/v7-m/nofp\libgcc.a(_arm_fixunsdfsi.o)
