Archive member included to satisfy reference by file (symbol)

E:/Arm_GNU_ToolChain/13.2 Rel1/bin/../lib/gcc/arm-none-eabi/13.2.1/thumb/v7-m/nofp\libgcc.a(_arm_fixunsdfsi.o)
                              CMakeFiles/stm32-learning.elf.dir/Core/Src/sg90.c.obj (__aeabi_d2uiz)
E:/Arm_GNU_ToolChain/13.2 Rel1/bin/../lib/gcc/arm-none-eabi/13.2.1/thumb/v7-m/nofp\libg.a(libc_a-exit.o)
                              E:/Arm_GNU_ToolChain/13.2 Rel1/bin/../lib/gcc/arm-none-eabi/13.2.1/thumb/v7-m/nofp/crt0.o (exit)
E:/Arm_GNU_ToolChain/13.2 Rel1/bin/../lib/gcc/arm-none-eabi/13.2.1/thumb/v7-m/nofp\libg.a(libc_a-findfp.o)
                              E:/Arm_GNU_ToolChain/13.2 Rel1/bin/../lib/gcc/arm-none-eabi/13.2.1/thumb/v7-m/nofp\libg.a(libc_a-exit.o) (__stdio_exit_handler)
E:/Arm_GNU_ToolChain/13.2 Rel1/bin/../lib/gcc/arm-none-eabi/13.2.1/thumb/v7-m/nofp\libg.a(libc_a-fwalk.o)
                              E:/Arm_GNU_ToolChain/13.2 Rel1/bin/../lib/gcc/arm-none-eabi/13.2.1/thumb/v7-m/nofp\libg.a(libc_a-findfp.o) (_fwalk_sglue)
E:/Arm_GNU_ToolChain/13.2 Rel1/bin/../lib/gcc/arm-none-eabi/13.2.1/thumb/v7-m/nofp\libg.a(libc_a-stdio.o)
                              E:/Arm_GNU_ToolChain/13.2 Rel1/bin/../lib/gcc/arm-none-eabi/13.2.1/thumb/v7-m/nofp\libg.a(libc_a-findfp.o) (__sread)
E:/Arm_GNU_ToolChain/13.2 Rel1/bin/../lib/gcc/arm-none-eabi/13.2.1/thumb/v7-m/nofp\libg.a(libc_a-memset.o)
                              E:/Arm_GNU_ToolChain/13.2 Rel1/bin/../lib/gcc/arm-none-eabi/13.2.1/thumb/v7-m/nofp/crt0.o (memset)
E:/Arm_GNU_ToolChain/13.2 Rel1/bin/../lib/gcc/arm-none-eabi/13.2.1/thumb/v7-m/nofp\libg.a(libc_a-closer.o)
                              E:/Arm_GNU_ToolChain/13.2 Rel1/bin/../lib/gcc/arm-none-eabi/13.2.1/thumb/v7-m/nofp\libg.a(libc_a-stdio.o) (_close_r)
E:/Arm_GNU_ToolChain/13.2 Rel1/bin/../lib/gcc/arm-none-eabi/13.2.1/thumb/v7-m/nofp\libg.a(libc_a-reent.o)
                              E:/Arm_GNU_ToolChain/13.2 Rel1/bin/../lib/gcc/arm-none-eabi/13.2.1/thumb/v7-m/nofp\libg.a(libc_a-closer.o) (errno)
E:/Arm_GNU_ToolChain/13.2 Rel1/bin/../lib/gcc/arm-none-eabi/13.2.1/thumb/v7-m/nofp\libg.a(libc_a-impure.o)
                              E:/Arm_GNU_ToolChain/13.2 Rel1/bin/../lib/gcc/arm-none-eabi/13.2.1/thumb/v7-m/nofp\libg.a(libc_a-reent.o) (_impure_ptr)
E:/Arm_GNU_ToolChain/13.2 Rel1/bin/../lib/gcc/arm-none-eabi/13.2.1/thumb/v7-m/nofp\libg.a(libc_a-lseekr.o)
                              E:/Arm_GNU_ToolChain/13.2 Rel1/bin/../lib/gcc/arm-none-eabi/13.2.1/thumb/v7-m/nofp\libg.a(libc_a-stdio.o) (_lseek_r)
E:/Arm_GNU_ToolChain/13.2 Rel1/bin/../lib/gcc/arm-none-eabi/13.2.1/thumb/v7-m/nofp\libg.a(libc_a-readr.o)
                              E:/Arm_GNU_ToolChain/13.2 Rel1/bin/../lib/gcc/arm-none-eabi/13.2.1/thumb/v7-m/nofp\libg.a(libc_a-stdio.o) (_read_r)
E:/Arm_GNU_ToolChain/13.2 Rel1/bin/../lib/gcc/arm-none-eabi/13.2.1/thumb/v7-m/nofp\libg.a(libc_a-writer.o)
                              E:/Arm_GNU_ToolChain/13.2 Rel1/bin/../lib/gcc/arm-none-eabi/13.2.1/thumb/v7-m/nofp\libg.a(libc_a-stdio.o) (_write_r)
E:/Arm_GNU_ToolChain/13.2 Rel1/bin/../lib/gcc/arm-none-eabi/13.2.1/thumb/v7-m/nofp\libg.a(libc_a-errno.o)
                              CMakeFiles/stm32-learning.elf.dir/Core/Src/syscalls.c.obj (__errno)
E:/Arm_GNU_ToolChain/13.2 Rel1/bin/../lib/gcc/arm-none-eabi/13.2.1/thumb/v7-m/nofp\libg.a(libc_a-init.o)
                              E:/Arm_GNU_ToolChain/13.2 Rel1/bin/../lib/gcc/arm-none-eabi/13.2.1/thumb/v7-m/nofp/crt0.o (__libc_init_array)
E:/Arm_GNU_ToolChain/13.2 Rel1/bin/../lib/gcc/arm-none-eabi/13.2.1/thumb/v7-m/nofp\libg.a(libc_a-lock.o)
                              E:/Arm_GNU_ToolChain/13.2 Rel1/bin/../lib/gcc/arm-none-eabi/13.2.1/thumb/v7-m/nofp\libg.a(libc_a-findfp.o) (__retarget_lock_init_recursive)
E:/Arm_GNU_ToolChain/13.2 Rel1/bin/../lib/gcc/arm-none-eabi/13.2.1/thumb/v7-m/nofp\libg.a(libc_a-__call_atexit.o)
                              E:/Arm_GNU_ToolChain/13.2 Rel1/bin/../lib/gcc/arm-none-eabi/13.2.1/thumb/v7-m/nofp\libg.a(libc_a-exit.o) (__call_exitprocs)
E:/Arm_GNU_ToolChain/13.2 Rel1/bin/../lib/gcc/arm-none-eabi/13.2.1/thumb/v7-m/nofp\libg.a(libc_a-atexit.o)
                              E:/Arm_GNU_ToolChain/13.2 Rel1/bin/../lib/gcc/arm-none-eabi/13.2.1/thumb/v7-m/nofp\libg.a(libc_a-__call_atexit.o) (atexit)
E:/Arm_GNU_ToolChain/13.2 Rel1/bin/../lib/gcc/arm-none-eabi/13.2.1/thumb/v7-m/nofp\libg.a(libc_a-freer.o)
                              E:/Arm_GNU_ToolChain/13.2 Rel1/bin/../lib/gcc/arm-none-eabi/13.2.1/thumb/v7-m/nofp\libg.a(libc_a-reent.o) (_free_r)
E:/Arm_GNU_ToolChain/13.2 Rel1/bin/../lib/gcc/arm-none-eabi/13.2.1/thumb/v7-m/nofp\libg.a(libc_a-mallocr.o)
                              E:/Arm_GNU_ToolChain/13.2 Rel1/bin/../lib/gcc/arm-none-eabi/13.2.1/thumb/v7-m/nofp\libg.a(libc_a-findfp.o) (_malloc_r)
E:/Arm_GNU_ToolChain/13.2 Rel1/bin/../lib/gcc/arm-none-eabi/13.2.1/thumb/v7-m/nofp\libg.a(libc_a-mlock.o)
[...]
Memory Configuration

Name             Origin             Length             Attributes
RAM              0x20000000         0x00005000         xrw
FLASH            0x08000000         0x00010000         xr
*default*        0x00000000         0xffffffff

Linker script and memory map

LOAD E:/Arm_GNU_ToolChain/13.2 Rel1/bin/../lib/gcc/arm-none-eabi/13.2.1/thumb/v7-m/nofp/crti.o
LOAD E:/Arm_GNU_ToolChain/13.2 Rel1/bin/../lib/gcc/arm-none-eabi/13.2.1/thumb/v7-m/nofp/crtbegin.o
LOAD E:/Arm_GNU_ToolChain/13.2 Rel1/bin/../lib/gcc/arm-none-eabi/13.2.1/thumb/v7-m/nofp/crt0.o
LOAD CMakeFiles/stm32-learning.elf.dir/Core/Src/gpio.c.obj
LOAD CMakeFiles/stm32-learning.elf.dir/Core/Src/i2c.c.obj
LOAD CMakeFiles/stm32-learning.elf.dir/Core/Src/main.c.obj
LOAD CMakeFiles/stm32-learning.elf.dir/Core/Src/oled.c.obj
LOAD CMakeFiles/stm32-learning.elf.dir/Core/Src/sg90.c.obj
LOAD CMakeFiles/stm32-learning.elf.dir/Core/Src/stm32f1xx_hal_msp.c.obj
LOAD CMakeFiles/stm32-learning.elf.dir/Core/Src/stm32f1xx_it.c.obj
LOAD CMakeFiles/stm32-learning.elf.dir/Core/Src/syscalls.c.obj
LOAD CMakeFiles/stm32-learning.elf.dir/Core/Src/sysmem.c.obj
LOAD CMakeFiles/stm32-learning.elf.dir/Core/Src/system_stm32f1xx.c.obj
LOAD CMakeFiles/stm32-learning.elf.dir/Core/Src/tim.c.obj
LOAD CMakeFiles/stm32-learning.elf.dir/Core/Src/usart.c.obj
LOAD CMakeFiles/stm32-learning.elf.dir/Core/Startup/startup_stm32f103c8tx.s.obj
LOAD CMakeFiles/stm32-learning.elf.dir/Drivers/STM32F1xx_HAL_Driver/Src/stm32f1xx_hal.c.obj
LOAD CMakeFiles/stm32-learning.elf.dir/Drivers/STM32F1xx_HAL_Driver/Src/stm32f1xx_hal_cortex.c.obj
LOAD CMakeFiles/stm32-learning.elf.dir/Drivers/STM32F1xx_HAL_Driver/Src/stm32f1xx_hal_dma.c.obj
LOAD CMakeFiles/stm32-learning.elf.dir/Drivers/STM32F1xx_HAL_Driver/Src/stm32f1xx_hal_exti.c.obj
LOAD CMakeFiles/stm32-learning.elf.dir/Drivers/STM32F1xx_HAL_Driver/Src/stm32f1xx_hal_flash.c.obj
LOAD CMakeFiles/stm32-learning.elf.dir/Drivers/STM32F1xx_HAL_Driver/Src/stm32f1xx_hal_flash_ex.c.obj
LOAD CMakeFiles/stm32-learning.elf.dir/Drivers/STM32F1xx_HAL_Driver/Src/stm32f1xx_hal_gpio.c.obj
LOAD CMakeFiles/stm32-learning.elf.dir/Drivers/STM32F1xx_HAL_Driver/Src/stm32f1xx_hal_gpio_ex.c.obj
LOAD CMakeFiles/stm32-learning.elf.dir/Drivers/STM32F1xx_HAL_Driver/Src/stm32f1xx_hal_i2c.c.obj
LOAD CMakeFiles/stm32-learning.elf.dir/Drivers/STM32F1xx_HAL_Driver/Src/stm32f1xx_hal_pwr.c.obj
LOAD CMakeFiles/stm32-learning.elf.dir/Drivers/STM32F1xx_HAL_Driver/Src/stm32f1xx_hal_rcc.c.obj
LOAD CMakeFiles/stm32-learning.elf.dir/Drivers/STM32F1xx_HAL_Driver/Src/stm32f1xx_hal_rcc_ex.c.obj
LOAD CMakeFiles/stm32-learning.elf.dir/Drivers/STM32F1xx_HAL_Driver/Src/stm32f1xx_hal_tim.c.obj
LOAD CMakeFiles/stm32-learning.elf.dir/Drivers/STM32F1xx_HAL_Driver/Src/stm32f1xx_hal_tim_ex.c.obj
LOAD CMakeFiles/stm32-learning.elf.dir/Drivers/STM32F1xx_HAL_Driver/Src/stm32f1xx_hal_uart.c.obj
START GROUP
LOAD E:/Arm_GNU_ToolChain/13.2 Rel1/bin/../lib/gcc/arm-none-eabi/13.2.1/thumb/v7-m/nofp\libgcc.a
LOAD E:/Arm_GNU_ToolChain/13.2 Rel1/bin/../lib/gcc/arm-none-eabi/13.2.1/thumb/v7-m/nofp\libg.a
LOAD E:/Arm_GNU_ToolChain/13.2 Rel1/bin/../lib/gcc/arm-none-eabi/13.2.1/thumb/v7-m/nofp\libc.a
END GROUP
LOAD E:/Arm_GNU_ToolChain/13.2 Rel1/bin/../lib/gcc/arm-none-eabi/13.2.1/thumb/v7-m/nofp/crtend.o
LOAD E:/Arm_GNU_ToolChain/13.2 Rel1/bin/../lib/gcc/arm-none-eabi/13.2.1/thumb/v7-m/nofp/crtn.o
                0x20005000                        _estack = (ORIGIN (RAM) + LENGTH (RAM))
                0x00000200                        _Min_Heap_Size = 0x200
                0x00000400                        _Min_Stack_Size = 0x400

.isr_vector     0x08000000      0x10c
                0x08000000                        . = ALIGN (0x4)
 *(.isr_vector)
 .isr_vector    0x08000000      0x10c CMakeFiles/stm32-learning.elf.dir/Core/Startup/startup_stm32f103c8tx.s.obj
                0x08000000                g_pfnVectors
                0x0800010c                        . = ALIGN (0x4)

.text           0x08000110     0x2000
                0x08000110                        . = ALIGN (0x4)
 *(.text)
 .text          0x08000110       0x40 E:/Arm_GNU_ToolChain/13.2 Rel1/bin/../lib/gcc/arm-none-eabi/13.2.1/thumb/v7-m/nofp\libgcc.a(_arm_fixunsdfsi.o)
                0x08000110                __aeabi_d2uiz
                0x08000110                __fixunsdfsi
 *(.text*)
 .text.deregister_tm_clones
                0x08000150       0x1c E:/Arm_GNU_ToolChain/13.2 Rel1/bin/../lib/gcc/arm-none-eabi/13.2.1/thumb/v7-m/nofp/crtbegin.o
 .text.register_tm_clones
                0x0800016c       0x24 E:/Arm_GNU_ToolChain/13.2 Rel1/bin/../lib/gcc/arm-none-eabi/13.2.1/thumb/v7-m/nofp/crtbegin.o
 .text.__do_global_dtors_aux
                0x08000190       0x28 E:/Arm_GNU_ToolChain/13.2 Rel1/bin/../lib/gcc/arm-none-eabi/13.2.1/thumb/v7-m/nofp/crtbegin.o
 .text.frame_dummy
                0x080001b8       0x24 E:/Arm_GNU_ToolChain/13.2 Rel1/bin/../lib/gcc/arm-none-eabi/13.2.1/thumb/v7-m/nofp/crtbegin.o
 .text.MX_GPIO_Init
                0x080001dc       0x44 CMakeFiles/stm32-learning.elf.dir/Core/Src/gpio.c.obj
                0x080001dc                MX_GPIO_Init
 .text.MX_I2C1_Init
                0x08000220       0x3c CMakeFiles/stm32-learning.elf.dir/Core/Src/i2c.c.obj
                0x08000220                MX_I2C1_Init
 .text.HAL_I2C_MspInit
                0x0800025c       0x64 CMakeFiles/stm32-learning.elf.dir/Core/Src/i2c.c.obj
                0x0800025c                HAL_I2C_MspInit
 .text.Error_Handler
                0x080002c0        0x4 CMakeFiles/stm32-learning.elf.dir/Core/Src/main.c.obj
                0x080002c0                Error_Handler
 .text.SystemClock_Config
                0x080002c4       0x64 CMakeFiles/stm32-learning.elf.dir/Core/Src/main.c.obj
                0x080002c4                SystemClock_Config
 .text.main     0x08000328       0x40 CMakeFiles/stm32-learning.elf.dir/Core/Src/main.c.obj
                0x08000328                main
 .text.OLED_SendCmd
                0x08000368       0x2c CMakeFiles/stm32-learning.elf.dir/Core/Src/oled.c.obj
                0x08000368                OLED_SendCmd
 .text.OLED_Init
                0x08000394       0xbe CMakeFiles/stm32-learning.elf.dir/Core/Src/oled.c.obj
                0x08000394                OLED_Init
 *fill*         0x08000452        0x2 
 .text.OLED_TEST
                0x08000454       0x48 CMakeFiles/stm32-learning.elf.dir/Core/Src/oled.c.obj
                0x08000454                OLED_TEST
 .text.sg90_move
                0x0800049c       0x24 CMakeFiles/stm32-learning.elf.dir/Core/Src/sg90.c.obj
                0x0800049c                sg90_move
 .text.HAL_MspInit
                0x080004c0       0x44 CMakeFiles/stm32-learning.elf.dir/Core/Src/stm32f1xx_hal_msp.c.obj
                0x080004c0                HAL_MspInit
 .text.NMI_Handler
                0x08000504        0x2 CMakeFiles/stm32-learning.elf.dir/Core/Src/stm32f1xx_it.c.obj
                0x08000504                NMI_Handler
 .text.HardFault_Handler
                0x08000506        0x2 CMakeFiles/stm32-learning.elf.dir/Core/Src/stm32f1xx_it.c.obj
                0x08000506                HardFault_Handler
 .text.MemManage_Handler
                0x08000508        0x2 CMakeFiles/stm32-learning.elf.dir/Core/Src/stm32f1xx_it.c.obj
                0x08000508                MemManage_Handler
 .text.BusFault_Handler
                0x0800050a        0x2 CMakeFiles/stm32-learning.elf.dir/Core/Src/stm32f1xx_it.c.obj
                0x0800050a                BusFault_Handler
 .text.UsageFault_Handler
                0x0800050c        0x2 CMakeFiles/stm32-learning.elf.dir/Core/Src/stm32f1xx_it.c.obj
                0x0800050c                UsageFault_Handler
 .text.SVC_Handler
                0x0800050e        0x2 CMakeFiles/stm32-learning.elf.dir/Core/Src/stm32f1xx_it.c.obj
                0x0800050e                SVC_Handler
 .text.DebugMon_Handler
                0x08000510        0x2 CMakeFiles/stm32-learning.elf.dir/Core/Src/stm32f1xx_it.c.obj
                0x08000510                DebugMon_Handler
 .text.PendSV_Handler
                0x08000512        0x2 CMakeFiles/stm32-learning.elf.dir/Core/Src/stm32f1xx_it.c.obj
                0x08000512                PendSV_Handler
 .text.SysTick_Handler
                0x08000514        0x8 CMakeFiles/stm32-learning.elf.dir/Core/Src/stm32f1xx_it.c.obj
                0x08000514                SysTick_Handler
 .text.SystemInit
                0x0800051c        0x2 CMakeFiles/stm32-learning.elf.dir/Core/Src/system_stm32f1xx.c.obj
                0x0800051c                SystemInit
 *fill*         0x0800051e        0x2 
 .text.HAL_TIM_Base_MspInit
                0x08000520       0x2c CMakeFiles/stm32-learning.elf.dir/Core/Src/tim.c.obj
                0x08000520                HAL_TIM_Base_MspInit
 .text.HAL_TIM_MspPostInit
                0x0800054c       0x50 CMakeFiles/stm32-learning.elf.dir/Core/Src/tim.c.obj
                0x0800054c                HAL_TIM_MspPostInit
 .text.MX_TIM1_Init
                0x0800059c       0xe8 CMakeFiles/stm32-learning.elf.dir/Core/Src/tim.c.obj
                0x0800059c                MX_TIM1_Init
 .text.MX_USART2_UART_Init
                0x08000684       0x34 CMakeFiles/stm32-learning.elf.dir/Core/Src/usart.c.obj
                0x08000684                MX_USART2_UART_Init
 .text.HAL_UART_MspInit
                0x080006b8       0x74 CMakeFiles/stm32-learning.elf.dir/Core/Src/usart.c.obj
                0x080006b8                HAL_UART_MspInit
 .text.Reset_Handler
                0x0800072c       0x48 CMakeFiles/stm32-learning.elf.dir/Core/Startup/startup_stm32f103c8tx.s.obj
                0x0800072c                Reset_Handler
 .text.Default_Handler
                0x08000774        0x2 CMakeFiles/stm32-learning.elf.dir/Core/Startup/startup_stm32f103c8tx.s.obj
                0x08000774                RTC_Alarm_IRQHandler
                0x08000774                EXTI2_IRQHandler
                0x08000774                TIM1_CC_IRQHandler
                0x08000774                PVD_IRQHandler
                0x08000774                EXTI3_IRQHandler
                0x08000774                EXTI0_IRQHandler
                0x08000774                I2C2_EV_IRQHandler
                0x08000774                ADC1_2_IRQHandler
                0x08000774                SPI1_IRQHandler
                0x08000774                TAMPER_IRQHandler
                0x08000774                DMA1_Channel4_IRQHandler
                0x08000774                USART3_IRQHandler
                0x08000774                RTC_IRQHandler
                0x08000774                DMA1_Channel7_IRQHandler
                0x08000774                CAN1_RX1_IRQHandler
                0x08000774                TIM4_IRQHandler
                0x08000774                I2C1_EV_IRQHandler
                0x08000774                DMA1_Channel6_IRQHandler
                0x08000774                TIM3_IRQHandler
                0x08000774                RCC_IRQHandler
                0x08000774                TIM1_TRG_COM_IRQHandler
                0x08000774                DMA1_Channel1_IRQHandler
                0x08000774                Default_Handler
                0x08000774                EXTI15_10_IRQHandler
                0x08000774                EXTI9_5_IRQHandler
                0x08000774                SPI2_IRQHandler
                0x08000774                DMA1_Channel5_IRQHandler
                0x08000774                EXTI4_IRQHandler
                0x08000774                USB_LP_CAN1_RX0_IRQHandler
                0x08000774                USB_HP_CAN1_TX_IRQHandler
                0x08000774                DMA1_Channel3_IRQHandler
                0x08000774                TIM1_UP_IRQHandler
                0x08000774                WWDG_IRQHandler
                0x08000774                TIM2_IRQHandler
                0x08000774                TIM1_BRK_IRQHandler
                0x08000774                EXTI1_IRQHandler
                0x08000774                USART2_IRQHandler
                0x08000774                I2C2_ER_IRQHandler
                0x08000774                DMA1_Channel2_IRQHandler
                0x08000774                CAN1_SCE_IRQHandler
                0x08000774                FLASH_IRQHandler
                0x08000774                USART1_IRQHandler
                0x08000774                I2C1_ER_IRQHandler
                0x08000774                USBWakeUp_IRQHandler
 *fill*         0x08000776        0x2 
 .text.HAL_InitTick
                0x08000778       0x4c CMakeFiles/stm32-learning.elf.dir/Drivers/STM32F1xx_HAL_Driver/Src/stm32f1xx_hal.c.obj
                0x08000778                HAL_InitTick
 .text.HAL_Init
                0x080007c4       0x24 CMakeFiles/stm32-learning.elf.dir/Drivers/STM32F1xx_HAL_Driver/Src/stm32f1xx_hal.c.obj
                0x080007c4                HAL_Init
 .text.HAL_IncTick
                0x080007e8       0x18 CMakeFiles/stm32-learning.elf.dir/Drivers/STM32F1xx_HAL_Driver/Src/stm32f1xx_hal.c.obj
                0x080007e8                HAL_IncTick
 .text.HAL_GetTick
                0x08000800        0xc CMakeFiles/stm32-learning.elf.dir/Drivers/STM32F1xx_HAL_Driver/Src/stm32f1xx_hal.c.obj
                0x08000800                HAL_GetTick
 .text.HAL_Delay
                0x0800080c       0x28 CMakeFiles/stm32-learning.elf.dir/Drivers/STM32F1xx_HAL_Driver/Src/stm32f1xx_hal.c.obj
                0x0800080c                HAL_Delay
 .text.__NVIC_SetPriority
                0x08000834       0x28 CMakeFiles/stm32-learning.elf.dir/Drivers/STM32F1xx_HAL_Driver/Src/stm32f1xx_hal_cortex.c.obj
 .text.NVIC_EncodePriority
                0x0800085c       0x3e CMakeFiles/stm32-learning.elf.dir/Drivers/STM32F1xx_HAL_Driver/Src/stm32f1xx_hal_cortex.c.obj
 *fill*         0x0800089a        0x2 
 .text.HAL_NVIC_SetPriorityGrouping
                0x0800089c       0x24 CMakeFiles/stm32-learning.elf.dir/Drivers/STM32F1xx_HAL_Driver/Src/stm32f1xx_hal_cortex.c.obj
                0x0800089c                HAL_NVIC_SetPriorityGrouping
 .text.HAL_NVIC_SetPriority
                0x080008c0       0x20 CMakeFiles/stm32-learning.elf.dir/Drivers/STM32F1xx_HAL_Driver/Src/stm32f1xx_hal_cortex.c.obj
                0x080008c0                HAL_NVIC_SetPriority
 .text.HAL_SYSTICK_Config
                0x080008e0       0x28 CMakeFiles/stm32-learning.elf.dir/Drivers/STM32F1xx_HAL_Driver/Src/stm32f1xx_hal_cortex.c.obj
                0x080008e0                HAL_SYSTICK_Config
 .text.HAL_GPIO_Init
                0x08000908      0x21c CMakeFiles/stm32-learning.elf.dir/Drivers/STM32F1xx_HAL_Driver/Src/stm32f1xx_hal_gpio.c.obj
                0x08000908                HAL_GPIO_Init
 .text.I2C_IsAcknowledgeFailed
                0x08000b24       0x32 CMakeFiles/stm32-learning.elf.dir/Drivers/STM32F1xx_HAL_Driver/Src/stm32f1xx_hal_i2c.c.obj
 .text.I2C_WaitOnFlagUntilTimeout
                0x08000b56       0xaa CMakeFiles/stm32-learning.elf.dir/Drivers/STM32F1xx_HAL_Driver/Src/stm32f1xx_hal_i2c.c.obj
 .text.I2C_WaitOnMasterAddressFlagUntilTimeout
                0x08000c00       0xd6 CMakeFiles/stm32-learning.elf.dir/Drivers/STM32F1xx_HAL_Driver/Src/stm32f1xx_hal_i2c.c.obj
 *fill*         0x08000cd6        0x2 
 .text.I2C_MasterRequestWrite
                0x08000cd8       0xb4 CMakeFiles/stm32-learning.elf.dir/Drivers/STM32F1xx_HAL_Driver/Src/stm32f1xx_hal_i2c.c.obj
 .text.I2C_WaitOnTXEFlagUntilTimeout
                0x08000d8c       0x5e CMakeFiles/stm32-learning.elf.dir/Drivers/STM32F1xx_HAL_Driver/Src/stm32f1xx_hal_i2c.c.obj
 .text.I2C_WaitOnBTFFlagUntilTimeout
                0x08000dea       0x5e CMakeFiles/stm32-learning.elf.dir/Drivers/STM32F1xx_HAL_Driver/Src/stm32f1xx_hal_i2c.c.obj
 .text.HAL_I2C_Init
                0x08000e48      0x1bc CMakeFiles/stm32-learning.elf.dir/Drivers/STM32F1xx_HAL_Driver/Src/stm32f1xx_hal_i2c.c.obj
                0x08000e48                HAL_I2C_Init
 .text.HAL_I2C_Master_Transmit
                0x08001004      0x178 CMakeFiles/stm32-learning.elf.dir/Drivers/STM32F1xx_HAL_Driver/Src/stm32f1xx_hal_i2c.c.obj
                0x08001004                HAL_I2C_Master_Transmit
 .text.RCC_Delay
                0x0800117c       0x2c CMakeFiles/stm32-learning.elf.dir/Drivers/STM32F1xx_HAL_Driver/Src/stm32f1xx_hal_rcc.c.obj
 .text.HAL_RCC_OscConfig
                0x080011a8      0x410 CMakeFiles/stm32-learning.elf.dir/Drivers/STM32F1xx_HAL_Driver/Src/stm32f1xx_hal_rcc.c.obj
                0x080011a8                HAL_RCC_OscConfig
 .text.HAL_RCC_GetSysClockFreq
                0x080015b8       0x54 CMakeFiles/stm32-learning.elf.dir/Drivers/STM32F1xx_HAL_Driver/Src/stm32f1xx_hal_rcc.c.obj
                0x080015b8                HAL_RCC_GetSysClockFreq
 .text.HAL_RCC_ClockConfig
                0x0800160c      0x16c CMakeFiles/stm32-learning.elf.dir/Drivers/STM32F1xx_HAL_Driver/Src/stm32f1xx_hal_rcc.c.obj
                0x0800160c                HAL_RCC_ClockConfig
 .text.HAL_RCC_GetHCLKFreq
                0x08001778        0xc CMakeFiles/stm32-learning.elf.dir/Drivers/STM32F1xx_HAL_Driver/Src/stm32f1xx_hal_rcc.c.obj
                0x08001778                HAL_RCC_GetHCLKFreq
 .text.HAL_RCC_GetPCLK1Freq
                0x08001784       0x20 CMakeFiles/stm32-learning.elf.dir/Drivers/STM32F1xx_HAL_Driver/Src/stm32f1xx_hal_rcc.c.obj
                0x08001784                HAL_RCC_GetPCLK1Freq
 .text.HAL_RCC_GetPCLK2Freq
                0x080017a4       0x20 CMakeFiles/stm32-learning.elf.dir/Drivers/STM32F1xx_HAL_Driver/Src/stm32f1xx_hal_rcc.c.obj
                0x080017a4                HAL_RCC_GetPCLK2Freq
 .text.TIM_OC1_SetConfig
                0x080017c4       0x54 CMakeFiles/stm32-learning.elf.dir/Drivers/STM32F1xx_HAL_Driver/Src/stm32f1xx_hal_tim.c.obj
 .text.TIM_OC3_SetConfig
                0x08001818       0x5c CMakeFiles/stm32-learning.elf.dir/Drivers/STM32F1xx_HAL_Driver/Src/stm32f1xx_hal_tim.c.obj
 .text.TIM_OC4_SetConfig
                0x08001874       0x48 CMakeFiles/stm32-learning.elf.dir/Drivers/STM32F1xx_HAL_Driver/Src/stm32f1xx_hal_tim.c.obj
 .text.TIM_TI1_ConfigInputStage
                0x080018bc       0x24 CMakeFiles/stm32-learning.elf.dir/Drivers/STM32F1xx_HAL_Driver/Src/stm32f1xx_hal_tim.c.obj
 .text.TIM_TI2_ConfigInputStage
                0x080018e0       0x26 CMakeFiles/stm32-learning.elf.dir/Drivers/STM32F1xx_HAL_Driver/Src/stm32f1xx_hal_tim.c.obj
 .text.TIM_ITRx_SetConfig
                0x08001906       0x10 CMakeFiles/stm32-learning.elf.dir/Drivers/STM32F1xx_HAL_Driver/Src/stm32f1xx_hal_tim.c.obj
 .text.HAL_TIM_PWM_MspInit
                0x08001916        0x2 CMakeFiles/stm32-learning.elf.dir/Drivers/STM32F1xx_HAL_Driver/Src/stm32f1xx_hal_tim.c.obj
                0x08001916                HAL_TIM_PWM_MspInit
 .text.TIM_Base_SetConfig
                0x08001918       0x74 CMakeFiles/stm32-learning.elf.dir/Drivers/STM32F1xx_HAL_Driver/Src/stm32f1xx_hal_tim.c.obj
                0x08001918                TIM_Base_SetConfig
 .text.HAL_TIM_Base_Init
                0x0800198c       0x58 CMakeFiles/stm32-learning.elf.dir/Drivers/STM32F1xx_HAL_Driver/Src/stm32f1xx_hal_tim.c.obj
                0x0800198c                HAL_TIM_Base_Init
 .text.HAL_TIM_PWM_Init
                0x080019e4       0x58 CMakeFiles/stm32-learning.elf.dir/Drivers/STM32F1xx_HAL_Driver/Src/stm32f1xx_hal_tim.c.obj
                0x080019e4                HAL_TIM_PWM_Init
 .text.TIM_OC2_SetConfig
                0x08001a3c       0x5c CMakeFiles/stm32-learning.elf.dir/Drivers/STM32F1xx_HAL_Driver/Src/stm32f1xx_hal_tim.c.obj
                0x08001a3c                TIM_OC2_SetConfig
 .text.HAL_TIM_PWM_ConfigChannel
                0x08001a98       0xdc CMakeFiles/stm32-learning.elf.dir/Drivers/STM32F1xx_HAL_Driver/Src/stm32f1xx_hal_tim.c.obj
                0x08001a98                HAL_TIM_PWM_ConfigChannel
 .text.TIM_ETR_SetConfig
                0x08001b74       0x18 CMakeFiles/stm32-learning.elf.dir/Drivers/STM32F1xx_HAL_Driver/Src/stm32f1xx_hal_tim.c.obj
                0x08001b74                TIM_ETR_SetConfig
 .text.HAL_TIM_ConfigClockSource
                0x08001b8c       0xfe CMakeFiles/stm32-learning.elf.dir/Drivers/STM32F1xx_HAL_Driver/Src/stm32f1xx_hal_tim.c.obj
                0x08001b8c                HAL_TIM_ConfigClockSource
 .text.TIM_CCxChannelCmd
                0x08001c8a       0x1e CMakeFiles/stm32-learning.elf.dir/Drivers/STM32F1xx_HAL_Driver/Src/stm32f1xx_hal_tim.c.obj
                0x08001c8a                TIM_CCxChannelCmd
 .text.HAL_TIM_PWM_Start
                0x08001ca8       0xdc CMakeFiles/stm32-learning.elf.dir/Drivers/STM32F1xx_HAL_Driver/Src/stm32f1xx_hal_tim.c.obj
                0x08001ca8                HAL_TIM_PWM_Start
 .text.HAL_TIMEx_MasterConfigSynchronization
                0x08001d84       0x6c CMakeFiles/stm32-learning.elf.dir/Drivers/STM32F1xx_HAL_Driver/Src/stm32f1xx_hal_tim_ex.c.obj
                0x08001d84                HAL_TIMEx_MasterConfigSynchronization
 .text.HAL_TIMEx_ConfigBreakDeadTime
                0x08001df0       0x52 CMakeFiles/stm32-learning.elf.dir/Drivers/STM32F1xx_HAL_Driver/Src/stm32f1xx_hal_tim_ex.c.obj
                0x08001df0                HAL_TIMEx_ConfigBreakDeadTime
 *fill*         0x08001e42        0x2 
 .text.UART_SetConfig
                0x08001e44       0x94 CMakeFiles/stm32-learning.elf.dir/Drivers/STM32F1xx_HAL_Driver/Src/stm32f1xx_hal_uart.c.obj
 .text.HAL_UART_Init
                0x08001ed8       0x60 CMakeFiles/stm32-learning.elf.dir/Drivers/STM32F1xx_HAL_Driver/Src/stm32f1xx_hal_uart.c.obj
                0x08001ed8                HAL_UART_Init
 .text.memset   0x08001f38       0xa0 E:/Arm_GNU_ToolChain/13.2 Rel1/bin/../lib/gcc/arm-none-eabi/13.2.1/thumb/v7-m/nofp\libg.a(libc_a-memset.o)
                0x08001f38                memset
 .text.__libc_init_array
                0x08001fd8       0x50 E:/Arm_GNU_ToolChain/13.2 Rel1/bin/../lib/gcc/arm-none-eabi/13.2.1/thumb/v7-m/nofp\libg.a(libc_a-init.o)
                0x08001fd8                __libc_init_array
 .text.__retarget_lock_acquire_recursive
                0x08002028        0x4 E:/Arm_GNU_ToolChain/13.2 Rel1/bin/../lib/gcc/arm-none-eabi/13.2.1/thumb/v7-m/nofp\libg.a(libc_a-lock.o)
                0x08002028                __retarget_lock_acquire_recursive
 .text.__retarget_lock_release_recursive
                0x0800202c        0x4 E:/Arm_GNU_ToolChain/13.2 Rel1/bin/../lib/gcc/arm-none-eabi/13.2.1/thumb/v7-m/nofp\libg.a(libc_a-lock.o)
                0x0800202c                __retarget_lock_release_recursive
 .text.startup.register_fini
                0x08002030       0x14 E:/Arm_GNU_ToolChain/13.2 Rel1/bin/../lib/gcc/arm-none-eabi/13.2.1/thumb/v7-m/nofp\libg.a(libc_a-__call_atexit.o)
 .text.atexit   0x08002044        0xc E:/Arm_GNU_ToolChain/13.2 Rel1/bin/../lib/gcc/arm-none-eabi/13.2.1/thumb/v7-m/nofp\libg.a(libc_a-atexit.o)
                0x08002044                atexit
 .text.__libc_fini_array
                0x08002050       0x28 E:/Arm_GNU_ToolChain/13.2 Rel1/bin/../lib/gcc/arm-none-eabi/13.2.1/thumb/v7-m/nofp\libg.a(libc_a-fini.o)
                0x08002050                __libc_fini_array
 .text.__register_exitproc
                0x08002078       0x80 E:/Arm_GNU_ToolChain/13.2 Rel1/bin/../lib/gcc/arm-none-eabi/13.2.1/thumb/v7-m/nofp\libg.a(libc_a-__atexit.o)
                0x08002078                __register_exitproc
 *(.glue_7)
 .glue_7        0x080020f8        0x0 linker stubs
 *(.glue_7t)
 .glue_7t       0x080020f8        0x0 linker stubs
 *(.eh_frame)
 .eh_frame      0x080020f8        0x0 E:/Arm_GNU_ToolChain/13.2 Rel1/bin/../lib/gcc/arm-none-eabi/13.2.1/thumb/v7-m/nofp/crtbegin.o
 *(.init)
 .init          0x080020f8        0x4 E:/Arm_GNU_ToolChain/13.2 Rel1/bin/../lib/gcc/arm-none-eabi/13.2.1/thumb/v7-m/nofp/crti.o
                0x080020f8                _init
 .init          0x080020fc        0x8 E:/Arm_GNU_ToolChain/13.2 Rel1/bin/../lib/gcc/arm-none-eabi/13.2.1/thumb/v7-m/nofp/crtn.o
 *(.fini)
 .fini          0x08002104        0x4 E:/Arm_GNU_ToolChain/13.2 Rel1/bin/../lib/gcc/arm-none-eabi/13.2.1/thumb/v7-m/nofp/crti.o
                0x08002104                _fini
 .fini          0x08002108        0x8 E:/Arm_GNU_ToolChain/13.2 Rel1/bin/../lib/gcc/arm-none-eabi/13.2.1/thumb/v7-m/nofp/crtn.o
                0x08002110                        . = ALIGN (0x4)
                0x08002110                        _etext = .

.vfp11_veneer   0x08002110        0x0
 .vfp11_veneer  0x08002110        0x0 linker stubs

.v4_bx          0x08002110        0x0
 .v4_bx         0x08002110        0x0 linker stubs

.iplt           0x08002110        0x0
 .iplt          0x08002110        0x0 E:/Arm_GNU_ToolChain/13.2 Rel1/bin/../lib/gcc/arm-none-eabi/13.2.1/thumb/v7-m/nofp/crtbegin.o

.rodata         0x08002110       0x3c
                0x08002110                        . = ALIGN (0x4)
 *(.rodata)
 *(.rodata*)
 .rodata.OLED_TEST.str1.4
                0x08002110        0xe CMakeFiles/stm32-learning.elf.dir/Core/Src/oled.c.obj
 *fill*         0x0800211e        0x2 
 .rodata.APBPrescTable
                0x08002120        0x8 CMakeFiles/stm32-learning.elf.dir/Core/Src/system_stm32f1xx.c.obj
                0x08002120                APBPrescTable
 .rodata.AHBPrescTable
                0x08002128       0x10 CMakeFiles/stm32-learning.elf.dir/Core/Src/system_stm32f1xx.c.obj
                0x08002128                AHBPrescTable
 .rodata.aPredivFactorTable.0
                0x08002138        0x2 CMakeFiles/stm32-learning.elf.dir/Drivers/STM32F1xx_HAL_Driver/Src/stm32f1xx_hal_rcc.c.obj
 *fill*         0x0800213a        0x2 
 .rodata.aPLLMULFactorTable.1
                0x0800213c       0x10 CMakeFiles/stm32-learning.elf.dir/Drivers/STM32F1xx_HAL_Driver/Src/stm32f1xx_hal_rcc.c.obj
                0x0800214c                        . = ALIGN (0x4)

.ARM.extab      0x0800214c        0x0
                0x0800214c                        . = ALIGN (0x4)
 *(.ARM.extab* .gnu.linkonce.armextab.*)
                0x0800214c                        . = ALIGN (0x4)

.ARM            0x0800214c        0x0
                0x0800214c                        . = ALIGN (0x4)
                0x0800214c                        __exidx_start = .
 *(.ARM.exidx*)
                0x0800214c                        __exidx_end = .
                0x0800214c                        . = ALIGN (0x4)

.preinit_array  0x0800214c        0x0
                0x0800214c                        . = ALIGN (0x4)
                0x0800214c                        PROVIDE (__preinit_array_start = .)
 *(.preinit_array*)
                0x0800214c                        PROVIDE (__preinit_array_end = .)
                0x0800214c                        . = ALIGN (0x4)

.init_array     0x0800214c        0x8
                0x0800214c                        . = ALIGN (0x4)
                0x0800214c                        PROVIDE (__init_array_start = .)
 *(SORT_BY_NAME(.init_array.*))
 .init_array.00000
                0x0800214c        0x4 E:/Arm_GNU_ToolChain/13.2 Rel1/bin/../lib/gcc/arm-none-eabi/13.2.1/thumb/v7-m/nofp\libg.a(libc_a-__call_atexit.o)
 *(.init_array*)
 .init_array    0x08002150        0x4 E:/Arm_GNU_ToolChain/13.2 Rel1/bin/../lib/gcc/arm-none-eabi/13.2.1/thumb/v7-m/nofp/crtbegin.o
                0x08002154                        PROVIDE (__init_array_end = .)
                0x08002154                        . = ALIGN (0x4)

.fini_array     0x08002154        0x4
                0x08002154                        . = ALIGN (0x4)
                0x08002154                        PROVIDE (__fini_array_start = .)
 *(SORT_BY_NAME(.fini_array.*))
 *(.fini_array*)
 .fini_array    0x08002154        0x4 E:/Arm_GNU_ToolChain/13.2 Rel1/bin/../lib/gcc/arm-none-eabi/13.2.1/thumb/v7-m/nofp/crtbegin.o
                0x08002158                        PROVIDE (__fini_array_end = .)
                0x08002158                        . = ALIGN (0x4)
                0x08002158                        _sidata = LOADADDR (.data)

.rel.dyn        0x08002158        0x0
 .rel.iplt      0x08002158        0x0 E:/Arm_GNU_ToolChain/13.2 Rel1/bin/../lib/gcc/arm-none-eabi/13.2.1/thumb/v7-m/nofp/crtbegin.o

.data           0x20000000       0x10 load address 0x08002158
                0x20000000                        . = ALIGN (0x4)
                0x20000000                        _sdata = .
 *(.data)
 *(.data*)
 .data.SystemCoreClock
                0x20000000        0x4 CMakeFiles/stm32-learning.elf.dir/Core/Src/system_stm32f1xx.c.obj
                0x20000000                SystemCoreClock
 .data.uwTickFreq
                0x20000004        0x1 CMakeFiles/stm32-learning.elf.dir/Drivers/STM32F1xx_HAL_Driver/Src/stm32f1xx_hal.c.obj
                0x20000004                uwTickFreq
 *fill*         0x20000005        0x3 
 .data.uwTickPrio
                0x20000008        0x4 CMakeFiles/stm32-learning.elf.dir/Drivers/STM32F1xx_HAL_Driver/Src/stm32f1xx_hal.c.obj
                0x20000008                uwTickPrio
 .data.__atexit_recursive_mutex
                0x2000000c        0x4 E:/Arm_GNU_ToolChain/13.2 Rel1/bin/../lib/gcc/arm-none-eabi/13.2.1/thumb/v7-m/nofp\libg.a(libc_a-__call_atexit.o)
                0x2000000c                __atexit_recursive_mutex
 *(.RamFunc)
 *(.RamFunc*)
                0x20000010                        . = ALIGN (0x4)
                0x20000010                        _edata = .

.tm_clone_table
                0x20000010        0x0 load address 0x08002168
 .tm_clone_table
                0x20000010        0x0 E:/Arm_GNU_ToolChain/13.2 Rel1/bin/../lib/gcc/arm-none-eabi/13.2.1/thumb/v7-m/nofp/crtbegin.o
 .tm_clone_table
                0x20000010        0x0 E:/Arm_GNU_ToolChain/13.2 Rel1/bin/../lib/gcc/arm-none-eabi/13.2.1/thumb/v7-m/nofp/crtend.o

.igot.plt       0x20000010        0x0 load address 0x08002168
 .igot.plt      0x20000010        0x0 E:/Arm_GNU_ToolChain/13.2 Rel1/bin/../lib/gcc/arm-none-eabi/13.2.1/thumb/v7-m/nofp/crtbegin.o
                0x20000010                        . = ALIGN (0x4)

.bss            0x20000010      0x29c load address 0x08002168
                0x20000010                        _sbss = .
                0x20000010                        __bss_start__ = _sbss
 *(.bss)
 *(.bss*)
 .bss.completed.1
                0x20000010        0x1 E:/Arm_GNU_ToolChain/13.2 Rel1/bin/../lib/gcc/arm-none-eabi/13.2.1/thumb/v7-m/nofp/crtbegin.o
 *fill*         0x20000011        0x3 
 .bss.object.0  0x20000014       0x18 E:/Arm_GNU_ToolChain/13.2 Rel1/bin/../lib/gcc/arm-none-eabi/13.2.1/thumb/v7-m/nofp/crtbegin.o
 .bss.hi2c1     0x2000002c       0x54 CMakeFiles/stm32-learning.elf.dir/Core/Src/i2c.c.obj
                0x2000002c                hi2c1
 .bss.htim1     0x20000080       0x48 CMakeFiles/stm32-learning.elf.dir/Core/Src/tim.c.obj
                0x20000080                htim1
 .bss.huart2    0x200000c8       0x48 CMakeFiles/stm32-learning.elf.dir/Core/Src/usart.c.obj
                0x200000c8                huart2
 .bss.uwTick    0x20000110        0x4 CMakeFiles/stm32-learning.elf.dir/Drivers/STM32F1xx_HAL_Driver/Src/stm32f1xx_hal.c.obj
                0x20000110                uwTick
 .bss.__lock___atexit_recursive_mutex
                0x20000114        0x1 E:/Arm_GNU_ToolChain/13.2 Rel1/bin/../lib/gcc/arm-none-eabi/13.2.1/thumb/v7-m/nofp\libg.a(libc_a-lock.o)
                0x20000114                __lock___atexit_recursive_mutex
 *fill*         0x20000115        0x3 
 .bss.__atexit  0x20000118        0x4 E:/Arm_GNU_ToolChain/13.2 Rel1/bin/../lib/gcc/arm-none-eabi/13.2.1/thumb/v7-m/nofp\libg.a(libc_a-__call_atexit.o)
                0x20000118                __atexit
 .bss.__atexit0
                0x2000011c      0x190 E:/Arm_GNU_ToolChain/13.2 Rel1/bin/../lib/gcc/arm-none-eabi/13.2.1/thumb/v7-m/nofp\libg.a(libc_a-__atexit.o)
                0x2000011c                __atexit0
 *(COMMON)
                0x200002ac                        . = ALIGN (0x4)
                0x200002ac                        _ebss = .
                0x200002ac                        __bss_end__ = _ebss

._user_heap_stack
                0x200002ac      0x604 load address 0x08002168
                0x200002b0                        . = ALIGN (0x8)
 *fill*         0x200002ac        0x4 
                [!provide]                        PROVIDE (end = .)
                0x200002b0                        PROVIDE (_end = .)
                0x200004b0                        . = (. + _Min_Heap_Size)
 *fill*         0x200002b0      0x200 
                0x200008b0                        . = (. + _Min_Stack_Size)
 *fill*         0x200004b0      0x400 
                0x200008b0                        . = ALIGN (0x8)

/DISCARD/
 libc.a(*)
 libm.a(*)
 libgcc.a(*)

.ARM.attributes
                0x00000000       0x29
 *(.ARM.attributes)
 .ARM.attributes
                0x00000000       0x1d E:/Arm_GNU_ToolChain/13.2 Rel1/bin/../lib/gcc/arm-none-eabi/13.2.1/thumb/v7-m/nofp/crti.o
 .ARM.attributes
                0x0000001d       0x2d E:/Arm_GNU_ToolChain/13.2 Rel1/bin/../lib/gcc/arm-none-eabi/13.2.1/thumb/v7-m/nofp/crtbegin.o
 .ARM.attributes
                0x0000004a       0x2d CMakeFiles/stm32-learning.elf.dir/Core/Src/gpio.c.obj
 .ARM.attributes
                0x00000077       0x2d CMakeFiles/stm32-learning.elf.dir/Core/Src/i2c.c.obj
 .ARM.attributes
                0x000000a4       0x2d CMakeFiles/stm32-learning.elf.dir/Core/Src/main.c.obj
 .ARM.attributes
                0x000000d1       0x2d CMakeFiles/stm32-learning.elf.dir/Core/Src/oled.c.obj
 .ARM.attributes
                0x000000fe       0x2d CMakeFiles/stm32-learning.elf.dir/Core/Src/sg90.c.obj
 .ARM.attributes
                0x0000012b       0x2d CMakeFiles/stm32-learning.elf.dir/Core/Src/stm32f1xx_hal_msp.c.obj
 .ARM.attributes
                0x00000158       0x2d CMakeFiles/stm32-learning.elf.dir/Core/Src/stm32f1xx_it.c.obj
 .ARM.attributes
                0x00000185       0x2d CMakeFiles/stm32-learning.elf.dir/Core/Src/system_stm32f1xx.c.obj
 .ARM.attributes
                0x000001b2       0x2d CMakeFiles/stm32-learning.elf.dir/Core/Src/tim.c.obj
 .ARM.attributes
                0x000001df       0x2d CMakeFiles/stm32-learning.elf.dir/Core/Src/usart.c.obj
 .ARM.attributes
                0x0000020c       0x21 CMakeFiles/stm32-learning.elf.dir/Core/Startup/startup_stm32f103c8tx.s.obj
 .ARM.attributes
                0x0000022d       0x2d CMakeFiles/stm32-learning.elf.dir/Drivers/STM32F1xx_HAL_Driver/Src/stm32f1xx_hal.c.obj
 .ARM.attributes
                0x0000025a       0x2d CMakeFiles/stm32-learning.elf.dir/Drivers/STM32F1xx_HAL_Driver/Src/stm32f1xx_hal_cortex.c.obj
 .ARM.attributes
                0x00000287       0x2d CMakeFiles/stm32-learning.elf.dir/Drivers/STM32F1xx_HAL_Driver/Src/stm32f1xx_hal_gpio.c.obj
 .ARM.attributes
                0x000002b4       0x2d CMakeFiles/stm32-learning.elf.dir/Drivers/STM32F1xx_HAL_Driver/Src/stm32f1xx_hal_i2c.c.obj
 .ARM.attributes
                0x000002e1       0x2d CMakeFiles/stm32-learning.elf.dir/Drivers/STM32F1xx_HAL_Driver/Src/stm32f1xx_hal_rcc.c.obj
 .ARM.attributes
                0x0000030e       0x2d CMakeFiles/stm32-learning.elf.dir/Drivers/STM32F1xx_HAL_Driver/Src/stm32f1xx_hal_tim.c.obj
 .ARM.attributes
                0x0000033b       0x2d CMakeFiles/stm32-learning.elf.dir/Drivers/STM32F1xx_HAL_Driver/Src/stm32f1xx_hal_tim_ex.c.obj
 .ARM.attributes
                0x00000368       0x2d CMakeFiles/stm32-learning.elf.dir/Drivers/STM32F1xx_HAL_Driver/Src/stm32f1xx_hal_uart.c.obj
 .ARM.attributes
                0x00000395       0x1d E:/Arm_GNU_ToolChain/13.2 Rel1/bin/../lib/gcc/arm-none-eabi/13.2.1/thumb/v7-m/nofp\libgcc.a(_arm_fixunsdfsi.o)
 .ARM.attributes
                0x000003b2       0x2d E:/Arm_GNU_ToolChain/13.2 Rel1/bin/../lib/gcc/arm-none-eabi/13.2.1/thumb/v7-m/nofp\libg.a(libc_a-memset.o)
 .ARM.attributes
                0x000003df       0x2d E:/Arm_GNU_ToolChain/13.2 Rel1/bin/../lib/gcc/arm-none-eabi/13.2.1/thumb/v7-m/nofp\libg.a(libc_a-init.o)
 .ARM.attributes
                0x0000040c       0x2d E:/Arm_GNU_ToolChain/13.2 Rel1/bin/../lib/gcc/arm-none-eabi/13.2.1/thumb/v7-m/nofp\libg.a(libc_a-lock.o)
 .ARM.attributes
                0x00000439       0x2d E:/Arm_GNU_ToolChain/13.2 Rel1/bin/../lib/gcc/arm-none-eabi/13.2.1/thumb/v7-m/nofp\libg.a(libc_a-__call_atexit.o)
 .ARM.attributes
                0x00000466       0x2d E:/Arm_GNU_ToolChain/13.2 Rel1/bin/../lib/gcc/arm-none-eabi/13.2.1/thumb/v7-m/nofp\libg.a(libc_a-atexit.o)
 .ARM.attributes
                0x00000493       0x2d E:/Arm_GNU_ToolChain/13.2 Rel1/bin/../lib/gcc/arm-none-eabi/13.2.1/thumb/v7-m/nofp\libg.a(libc_a-fini.o)
 .ARM.attributes
                0x000004c0       0x2d E:/Arm_GNU_ToolChain/13.2 Rel1/bin/../lib/gcc/arm-none-eabi/13.2.1/thumb/v7-m/nofp\libg.a(libc_a-__atexit.o)
 .ARM.attributes
                0x000004ed       0x2d E:/Arm_GNU_ToolChain/13.2 Rel1/bin/../lib/gcc/arm-none-eabi/13.2.1/thumb/v7-m/nofp/crtend.o
 .ARM.attributes
                0x0000051a       0x1d E:/Arm_GNU_ToolChain/13.2 Rel1/bin/../lib/gcc/arm-none-eabi/13.2.1/thumb/v7-m/nofp/crtn.o
OUTPUT(stm32-learning.elf elf32-littlearm)
LOAD linker stubs
LOAD E:/Arm_GNU_ToolChain/13.2 Rel1/bin/../lib/gcc/arm-none-eabi/13.2.1/thumb/v7-m/nofp\libc.a
LOAD E:/Arm_GNU_ToolChain/13.2 Rel1/bin/../lib/gcc/arm-none-eabi/13.2.1/thumb/v7-m/nofp\libm.a
LOAD E:/Arm_GNU_ToolChain/13.2 Rel1/bin/../lib/gcc/arm-none-eabi/13.2.1/thumb/v7-m/nofp\libgcc.a

.debug_info     0x00000000    0x12b69
 .debug_info    0x00000000      0x180 CMakeFiles/stm32-learning.elf.dir/Core/Src/gpio.c.obj
 .debug_info    0x00000180      0x857 CMakeFiles/stm32-learning.elf.dir/Core/Src/i2c.c.obj
 .debug_info    0x000009d7      0x3c4 CMakeFiles/stm32-learning.elf.dir/Core/Src/main.c.obj
 .debug_info    0x00000d9b      0x94b CMakeFiles/stm32-learning.elf.dir/Core/Src/oled.c.obj
 .debug_info    0x000016e6      0x697 CMakeFiles/stm32-learning.elf.dir/Core/Src/sg90.c.obj
 .debug_info    0x00001d7d      0x1f4 CMakeFiles/stm32-learning.elf.dir/Core/Src/stm32f1xx_hal_msp.c.obj
 .debug_info    0x00001f71      0x11d CMakeFiles/stm32-learning.elf.dir/Core/Src/stm32f1xx_it.c.obj
 .debug_info    0x0000208e      0x22d CMakeFiles/stm32-learning.elf.dir/Core/Src/system_stm32f1xx.c.obj
 .debug_info    0x000022bb      0xc18 CMakeFiles/stm32-learning.elf.dir/Core/Src/tim.c.obj
 .debug_info    0x00002ed3      0x80b CMakeFiles/stm32-learning.elf.dir/Core/Src/usart.c.obj
 .debug_info    0x000036de       0x30 CMakeFiles/stm32-learning.elf.dir/Core/Startup/startup_stm32f103c8tx.s.obj
 .debug_info    0x0000370e      0x7a2 CMakeFiles/stm32-learning.elf.dir/Drivers/STM32F1xx_HAL_Driver/Src/stm32f1xx_hal.c.obj
 .debug_info    0x00003eb0      0xcd9 CMakeFiles/stm32-learning.elf.dir/Drivers/STM32F1xx_HAL_Driver/Src/stm32f1xx_hal_cortex.c.obj
 .debug_info    0x00004b89      0x604 CMakeFiles/stm32-learning.elf.dir/Drivers/STM32F1xx_HAL_Driver/Src/stm32f1xx_hal_gpio.c.obj
 .debug_info    0x0000518d     0x3905 CMakeFiles/stm32-learning.elf.dir/Drivers/STM32F1xx_HAL_Driver/Src/stm32f1xx_hal_i2c.c.obj
 .debug_info    0x00008a92      0x9c7 CMakeFiles/stm32-learning.elf.dir/Drivers/STM32F1xx_HAL_Driver/Src/stm32f1xx_hal_rcc.c.obj
 .debug_info    0x00009459     0x3be7 CMakeFiles/stm32-learning.elf.dir/Drivers/STM32F1xx_HAL_Driver/Src/stm32f1xx_hal_tim.c.obj
 .debug_info    0x0000d040     0x1aac CMakeFiles/stm32-learning.elf.dir/Drivers/STM32F1xx_HAL_Driver/Src/stm32f1xx_hal_tim_ex.c.obj
 .debug_info    0x0000eaec     0x407d CMakeFiles/stm32-learning.elf.dir/Drivers/STM32F1xx_HAL_Driver/Src/stm32f1xx_hal_uart.c.obj

.debug_abbrev   0x00000000     0x240f
 .debug_abbrev  0x00000000       0xc4 CMakeFiles/stm32-learning.elf.dir/Core/Src/gpio.c.obj
 .debug_abbrev  0x000000c4      0x1fc CMakeFiles/stm32-learning.elf.dir/Core/Src/i2c.c.obj
 .debug_abbrev  0x000002c0      0x1d7 CMakeFiles/stm32-learning.elf.dir/Core/Src/main.c.obj
 .debug_abbrev  0x00000497      0x1b7 CMakeFiles/stm32-learning.elf.dir/Core/Src/oled.c.obj
 .debug_abbrev  0x0000064e      0x1b2 CMakeFiles/stm32-learning.elf.dir/Core/Src/sg90.c.obj
 .debug_abbrev  0x00000800       0xed CMakeFiles/stm32-learning.elf.dir/Core/Src/stm32f1xx_hal_msp.c.obj
 .debug_abbrev  0x000008ed       0x7c CMakeFiles/stm32-learning.elf.dir/Core/Src/stm32f1xx_it.c.obj
 .debug_abbrev  0x00000969      0x143 CMakeFiles/stm32-learning.elf.dir/Core/Src/system_stm32f1xx.c.obj
 .debug_abbrev  0x00000aac      0x252 CMakeFiles/stm32-learning.elf.dir/Core/Src/tim.c.obj
 .debug_abbrev  0x00000cfe      0x204 CMakeFiles/stm32-learning.elf.dir/Core/Src/usart.c.obj
 .debug_abbrev  0x00000f02       0x24 CMakeFiles/stm32-learning.elf.dir/Core/Startup/startup_stm32f103c8tx.s.obj
 .debug_abbrev  0x00000f26      0x22d CMakeFiles/stm32-learning.elf.dir/Drivers/STM32F1xx_HAL_Driver/Src/stm32f1xx_hal.c.obj
 .debug_abbrev  0x00001153      0x36d CMakeFiles/stm32-learning.elf.dir/Drivers/STM32F1xx_HAL_Driver/Src/stm32f1xx_hal_cortex.c.obj
 .debug_abbrev  0x000014c0      0x1f7 CMakeFiles/stm32-learning.elf.dir/Drivers/STM32F1xx_HAL_Driver/Src/stm32f1xx_hal_gpio.c.obj
 .debug_abbrev  0x000016b7      0x2be CMakeFiles/stm32-learning.elf.dir/Drivers/STM32F1xx_HAL_Driver/Src/stm32f1xx_hal_i2c.c.obj
 .debug_abbrev  0x00001975      0x2a0 CMakeFiles/stm32-learning.elf.dir/Drivers/STM32F1xx_HAL_Driver/Src/stm32f1xx_hal_rcc.c.obj
 .debug_abbrev  0x00001c15      0x270 CMakeFiles/stm32-learning.elf.dir/Drivers/STM32F1xx_HAL_Driver/Src/stm32f1xx_hal_tim.c.obj
 .debug_abbrev  0x00001e85      0x26e CMakeFiles/stm32-learning.elf.dir/Drivers/STM32F1xx_HAL_Driver/Src/stm32f1xx_hal_tim_ex.c.obj
 .debug_abbrev  0x000020f3      0x31c CMakeFiles/stm32-learning.elf.dir/Drivers/STM32F1xx_HAL_Driver/Src/stm32f1xx_hal_uart.c.obj

.debug_aranges  0x00000000      0xe78
 .debug_aranges
                0x00000000       0x20 CMakeFiles/stm32-learning.elf.dir/Core/Src/gpio.c.obj
 .debug_aranges
                0x00000020       0x30 CMakeFiles/stm32-learning.elf.dir/Core/Src/i2c.c.obj
 .debug_aranges
                0x00000050       0x30 CMakeFiles/stm32-learning.elf.dir/Core/Src/main.c.obj
 .debug_aranges
                0x00000080       0x30 CMakeFiles/stm32-learning.elf.dir/Core/Src/oled.c.obj
 .debug_aranges
                0x000000b0       0x20 CMakeFiles/stm32-learning.elf.dir/Core/Src/sg90.c.obj
 .debug_aranges
                0x000000d0       0x20 CMakeFiles/stm32-learning.elf.dir/Core/Src/stm32f1xx_hal_msp.c.obj
 .debug_aranges
                0x000000f0       0x60 CMakeFiles/stm32-learning.elf.dir/Core/Src/stm32f1xx_it.c.obj
 .debug_aranges
                0x00000150       0x28 CMakeFiles/stm32-learning.elf.dir/Core/Src/system_stm32f1xx.c.obj
 .debug_aranges
                0x00000178       0x38 CMakeFiles/stm32-learning.elf.dir/Core/Src/tim.c.obj
 .debug_aranges
                0x000001b0       0x30 CMakeFiles/stm32-learning.elf.dir/Core/Src/usart.c.obj
 .debug_aranges
                0x000001e0       0x28 CMakeFiles/stm32-learning.elf.dir/Core/Startup/startup_stm32f103c8tx.s.obj
 .debug_aranges
                0x00000208       0xe0 CMakeFiles/stm32-learning.elf.dir/Drivers/STM32F1xx_HAL_Driver/Src/stm32f1xx_hal.c.obj
 .debug_aranges
                0x000002e8       0xc0 CMakeFiles/stm32-learning.elf.dir/Drivers/STM32F1xx_HAL_Driver/Src/stm32f1xx_hal_cortex.c.obj
 .debug_aranges
                0x000003a8       0x58 CMakeFiles/stm32-learning.elf.dir/Drivers/STM32F1xx_HAL_Driver/Src/stm32f1xx_hal_gpio.c.obj
 .debug_aranges
                0x00000400      0x2a8 CMakeFiles/stm32-learning.elf.dir/Drivers/STM32F1xx_HAL_Driver/Src/stm32f1xx_hal_i2c.c.obj
 .debug_aranges
                0x000006a8       0x90 CMakeFiles/stm32-learning.elf.dir/Drivers/STM32F1xx_HAL_Driver/Src/stm32f1xx_hal_rcc.c.obj
 .debug_aranges
                0x00000738      0x3d0 CMakeFiles/stm32-learning.elf.dir/Drivers/STM32F1xx_HAL_Driver/Src/stm32f1xx_hal_tim.c.obj
 .debug_aranges
                0x00000b08      0x168 CMakeFiles/stm32-learning.elf.dir/Drivers/STM32F1xx_HAL_Driver/Src/stm32f1xx_hal_tim_ex.c.obj
 .debug_aranges
                0x00000c70      0x208 CMakeFiles/stm32-learning.elf.dir/Drivers/STM32F1xx_HAL_Driver/Src/stm32f1xx_hal_uart.c.obj

.debug_rnglists
                0x00000000      0xb2b
 .debug_rnglists
                0x00000000       0x13 CMakeFiles/stm32-learning.elf.dir/Core/Src/gpio.c.obj
 .debug_rnglists
                0x00000013       0x1f CMakeFiles/stm32-learning.elf.dir/Core/Src/i2c.c.obj
 .debug_rnglists
                0x00000032       0x1f CMakeFiles/stm32-learning.elf.dir/Core/Src/main.c.obj
 .debug_rnglists
                0x00000051       0x20 CMakeFiles/stm32-learning.elf.dir/Core/Src/oled.c.obj
 .debug_rnglists
                0x00000071       0x13 CMakeFiles/stm32-learning.elf.dir/Core/Src/sg90.c.obj
 .debug_rnglists
                0x00000084       0x13 CMakeFiles/stm32-learning.elf.dir/Core/Src/stm32f1xx_hal_msp.c.obj
 .debug_rnglists
                0x00000097       0x43 CMakeFiles/stm32-learning.elf.dir/Core/Src/stm32f1xx_it.c.obj
 .debug_rnglists
                0x000000da       0x1a CMakeFiles/stm32-learning.elf.dir/Core/Src/system_stm32f1xx.c.obj
 .debug_rnglists
                0x000000f4       0x26 CMakeFiles/stm32-learning.elf.dir/Core/Src/tim.c.obj
 .debug_rnglists
                0x0000011a       0x1f CMakeFiles/stm32-learning.elf.dir/Core/Src/usart.c.obj
 .debug_rnglists
                0x00000139       0x19 CMakeFiles/stm32-learning.elf.dir/Core/Startup/startup_stm32f103c8tx.s.obj
 .debug_rnglists
                0x00000152       0xa3 CMakeFiles/stm32-learning.elf.dir/Drivers/STM32F1xx_HAL_Driver/Src/stm32f1xx_hal.c.obj
 .debug_rnglists
                0x000001f5       0x8b CMakeFiles/stm32-learning.elf.dir/Drivers/STM32F1xx_HAL_Driver/Src/stm32f1xx_hal_cortex.c.obj
 .debug_rnglists
                0x00000280       0x3f CMakeFiles/stm32-learning.elf.dir/Drivers/STM32F1xx_HAL_Driver/Src/stm32f1xx_hal_gpio.c.obj
 .debug_rnglists
                0x000002bf      0x236 CMakeFiles/stm32-learning.elf.dir/Drivers/STM32F1xx_HAL_Driver/Src/stm32f1xx_hal_i2c.c.obj
 .debug_rnglists
                0x000004f5       0x7d CMakeFiles/stm32-learning.elf.dir/Drivers/STM32F1xx_HAL_Driver/Src/stm32f1xx_hal_rcc.c.obj
 .debug_rnglists
                0x00000572      0x2fe CMakeFiles/stm32-learning.elf.dir/Drivers/STM32F1xx_HAL_Driver/Src/stm32f1xx_hal_tim.c.obj
 .debug_rnglists
                0x00000870      0x11a CMakeFiles/stm32-learning.elf.dir/Drivers/STM32F1xx_HAL_Driver/Src/stm32f1xx_hal_tim_ex.c.obj
 .debug_rnglists
                0x0000098a      0x1a1 CMakeFiles/stm32-learning.elf.dir/Drivers/STM32F1xx_HAL_Driver/Src/stm32f1xx_hal_uart.c.obj

.debug_line     0x00000000    0x120e7
 .debug_line    0x00000000      0x14f CMakeFiles/stm32-learning.elf.dir/Core/Src/gpio.c.obj
 .debug_line    0x0000014f      0x2e5 CMakeFiles/stm32-learning.elf.dir/Core/Src/i2c.c.obj
 .debug_line    0x00000434      0x2fc CMakeFiles/stm32-learning.elf.dir/Core/Src/main.c.obj
 .debug_line    0x00000730      0x249 CMakeFiles/stm32-learning.elf.dir/Core/Src/oled.c.obj
 .debug_line    0x00000979      0x1e2 CMakeFiles/stm32-learning.elf.dir/Core/Src/sg90.c.obj
 .debug_line    0x00000b5b      0x15d CMakeFiles/stm32-learning.elf.dir/Core/Src/stm32f1xx_hal_msp.c.obj
 .debug_line    0x00000cb8      0x161 CMakeFiles/stm32-learning.elf.dir/Core/Src/stm32f1xx_it.c.obj
 .debug_line    0x00000e19      0x225 CMakeFiles/stm32-learning.elf.dir/Core/Src/system_stm32f1xx.c.obj
 .debug_line    0x0000103e      0x41a CMakeFiles/stm32-learning.elf.dir/Core/Src/tim.c.obj
 .debug_line    0x00001458      0x2fb CMakeFiles/stm32-learning.elf.dir/Core/Src/usart.c.obj
 .debug_line    0x00001753       0x78 CMakeFiles/stm32-learning.elf.dir/Core/Startup/startup_stm32f103c8tx.s.obj
 .debug_line    0x000017cb      0x532 CMakeFiles/stm32-learning.elf.dir/Drivers/STM32F1xx_HAL_Driver/Src/stm32f1xx_hal.c.obj
 .debug_line    0x00001cfd      0x699 CMakeFiles/stm32-learning.elf.dir/Drivers/STM32F1xx_HAL_Driver/Src/stm32f1xx_hal_cortex.c.obj
 .debug_line    0x00002396      0x5c2 CMakeFiles/stm32-learning.elf.dir/Drivers/STM32F1xx_HAL_Driver/Src/stm32f1xx_hal_gpio.c.obj
 .debug_line    0x00002958     0x55e5 CMakeFiles/stm32-learning.elf.dir/Drivers/STM32F1xx_HAL_Driver/Src/stm32f1xx_hal_i2c.c.obj
 .debug_line    0x00007f3d      0xc9c CMakeFiles/stm32-learning.elf.dir/Drivers/STM32F1xx_HAL_Driver/Src/stm32f1xx_hal_rcc.c.obj
 .debug_line    0x00008bd9     0x45ee CMakeFiles/stm32-learning.elf.dir/Drivers/STM32F1xx_HAL_Driver/Src/stm32f1xx_hal_tim.c.obj
 .debug_line    0x0000d1c7     0x1a01 CMakeFiles/stm32-learning.elf.dir/Drivers/STM32F1xx_HAL_Driver/Src/stm32f1xx_hal_tim_ex.c.obj
 .debug_line    0x0000ebc8     0x351f CMakeFiles/stm32-learning.elf.dir/Drivers/STM32F1xx_HAL_Driver/Src/stm32f1xx_hal_uart.c.obj

.debug_str      0x00000000     0x4187
 .debug_str     0x00000000     0x4187 CMakeFiles/stm32-learning.elf.dir/Core/Src/gpio.c.obj
                                0x1f7 (size before relaxing)
 .debug_str     0x00004187      0x758 CMakeFiles/stm32-learning.elf.dir/Core/Src/i2c.c.obj
 .debug_str     0x00004187      0x3d1 CMakeFiles/stm32-learning.elf.dir/Core/Src/main.c.obj
 .debug_str     0x00004187      0x6ad CMakeFiles/stm32-learning.elf.dir/Core/Src/oled.c.obj
 .debug_str     0x00004187      0x6d6 CMakeFiles/stm32-learning.elf.dir/Core/Src/sg90.c.obj
 .debug_str     0x00004187      0x231 CMakeFiles/stm32-learning.elf.dir/Core/Src/stm32f1xx_hal_msp.c.obj
 .debug_str     0x00004187      0x234 CMakeFiles/stm32-learning.elf.dir/Core/Src/stm32f1xx_it.c.obj
 .debug_str     0x00004187      0x266 CMakeFiles/stm32-learning.elf.dir/Core/Src/system_stm32f1xx.c.obj
 .debug_str     0x00004187      0xa12 CMakeFiles/stm32-learning.elf.dir/Core/Src/tim.c.obj
 .debug_str     0x00004187      0x6e4 CMakeFiles/stm32-learning.elf.dir/Core/Src/usart.c.obj
 .debug_str     0x00004187       0x77 CMakeFiles/stm32-learning.elf.dir/Core/Startup/startup_stm32f103c8tx.s.obj
 .debug_str     0x00004187      0x840 CMakeFiles/stm32-learning.elf.dir/Drivers/STM32F1xx_HAL_Driver/Src/stm32f1xx_hal.c.obj
 .debug_str     0x00004187      0x8e5 CMakeFiles/stm32-learning.elf.dir/Drivers/STM32F1xx_HAL_Driver/Src/stm32f1xx_hal_cortex.c.obj
 .debug_str     0x00004187      0x412 CMakeFiles/stm32-learning.elf.dir/Drivers/STM32F1xx_HAL_Driver/Src/stm32f1xx_hal_gpio.c.obj
 .debug_str     0x00004187      0xfd7 CMakeFiles/stm32-learning.elf.dir/Drivers/STM32F1xx_HAL_Driver/Src/stm32f1xx_hal_i2c.c.obj
 .debug_str     0x00004187      0x63d CMakeFiles/stm32-learning.elf.dir/Drivers/STM32F1xx_HAL_Driver/Src/stm32f1xx_hal_rcc.c.obj
 .debug_str     0x00004187     0x1687 CMakeFiles/stm32-learning.elf.dir/Drivers/STM32F1xx_HAL_Driver/Src/stm32f1xx_hal_tim.c.obj
 .debug_str     0x00004187      0xea3 CMakeFiles/stm32-learning.elf.dir/Drivers/STM32F1xx_HAL_Driver/Src/stm32f1xx_hal_tim_ex.c.obj
 .debug_str     0x00004187      0xd06 CMakeFiles/stm32-learning.elf.dir/Drivers/STM32F1xx_HAL_Driver/Src/stm32f1xx_hal_uart.c.obj

.comment        0x00000000       0x44
 .comment       0x00000000       0x44 CMakeFiles/stm32-learning.elf.dir/Core/Src/gpio.c.obj
                                 0x45 (size before relaxing)
 .comment       0x00000044       0x45 CMakeFiles/stm32-learning.elf.dir/Core/Src/i2c.c.obj
 .comment       0x00000044       0x45 CMakeFiles/stm32-learning.elf.dir/Core/Src/main.c.obj
 .comment       0x00000044       0x45 CMakeFiles/stm32-learning.elf.dir/Core/Src/oled.c.obj
 .comment       0x00000044       0x45 CMakeFiles/stm32-learning.elf.dir/Core/Src/sg90.c.obj
 .comment       0x00000044       0x45 CMakeFiles/stm32-learning.elf.dir/Core/Src/stm32f1xx_hal_msp.c.obj
 .comment       0x00000044       0x45 CMakeFiles/stm32-learning.elf.dir/Core/Src/stm32f1xx_it.c.obj
 .comment       0x00000044       0x45 CMakeFiles/stm32-learning.elf.dir/Core/Src/system_stm32f1xx.c.obj
 .comment       0x00000044       0x45 CMakeFiles/stm32-learning.elf.dir/Core/Src/tim.c.obj
 .comment       0x00000044       0x45 CMakeFiles/stm32-learning.elf.dir/Core/Src/usart.c.obj
 .comment       0x00000044       0x45 CMakeFiles/stm32-learning.elf.dir/Drivers/STM32F1xx_HAL_Driver/Src/stm32f1xx_hal.c.obj
 .comment       0x00000044       0x45 CMakeFiles/stm32-learning.elf.dir/Drivers/STM32F1xx_HAL_Driver/Src/stm32f1xx_hal_cortex.c.obj
 .comment       0x00000044       0x45 CMakeFiles/stm32-learning.elf.dir/Drivers/STM32F1xx_HAL_Driver/Src/stm32f1xx_hal_gpio.c.obj
 .comment       0x00000044       0x45 CMakeFiles/stm32-learning.elf.dir/Drivers/STM32F1xx_HAL_Driver/Src/stm32f1xx_hal_i2c.c.obj
 .comment       0x00000044       0x45 CMakeFiles/stm32-learning.elf.dir/Drivers/STM32F1xx_HAL_Driver/Src/stm32f1xx_hal_rcc.c.obj
 .comment       0x00000044       0x45 CMakeFiles/stm32-learning.elf.dir/Drivers/STM32F1xx_HAL_Driver/Src/stm32f1xx_hal_tim.c.obj
 .comment       0x00000044       0x45 CMakeFiles/stm32-learning.elf.dir/Drivers/STM32F1xx_HAL_Driver/Src/stm32f1xx_hal_tim_ex.c.obj
 .comment       0x00000044       0x45 CMakeFiles/stm32-learning.elf.dir/Drivers/STM32F1xx_HAL_Driver/Src/stm32f1xx_hal_uart.c.obj

.debug_frame    0x00000000     0x29ac
 .debug_frame   0x00000000       0x28 CMakeFiles/stm32-learning.elf.dir/Core/Src/gpio.c.obj
 .debug_frame   0x00000028       0x60 CMakeFiles/stm32-learning.elf.dir/Core/Src/i2c.c.obj
 .debug_frame   0x00000088       0x58 CMakeFiles/stm32-learning.elf.dir/Core/Src/main.c.obj
 .debug_frame   0x000000e0       0x60 CMakeFiles/stm32-learning.elf.dir/Core/Src/oled.c.obj
 .debug_frame   0x00000140       0x2c CMakeFiles/stm32-learning.elf.dir/Core/Src/sg90.c.obj
 .debug_frame   0x0000016c       0x28 CMakeFiles/stm32-learning.elf.dir/Core/Src/stm32f1xx_hal_msp.c.obj
 .debug_frame   0x00000194       0xa8 CMakeFiles/stm32-learning.elf.dir/Core/Src/stm32f1xx_it.c.obj
 .debug_frame   0x0000023c       0x30 CMakeFiles/stm32-learning.elf.dir/Core/Src/system_stm32f1xx.c.obj
 .debug_frame   0x0000026c       0x7c CMakeFiles/stm32-learning.elf.dir/Core/Src/tim.c.obj
 .debug_frame   0x000002e8       0x60 CMakeFiles/stm32-learning.elf.dir/Core/Src/usart.c.obj
 .debug_frame   0x00000348      0x1cc CMakeFiles/stm32-learning.elf.dir/Drivers/STM32F1xx_HAL_Driver/Src/stm32f1xx_hal.c.obj
 .debug_frame   0x00000514      0x19c CMakeFiles/stm32-learning.elf.dir/Drivers/STM32F1xx_HAL_Driver/Src/stm32f1xx_hal_cortex.c.obj
 .debug_frame   0x000006b0       0xe4 CMakeFiles/stm32-learning.elf.dir/Drivers/STM32F1xx_HAL_Driver/Src/stm32f1xx_hal_gpio.c.obj
 .debug_frame   0x00000794      0x984 CMakeFiles/stm32-learning.elf.dir/Drivers/STM32F1xx_HAL_Driver/Src/stm32f1xx_hal_i2c.c.obj
 .debug_frame   0x00001118      0x184 CMakeFiles/stm32-learning.elf.dir/Drivers/STM32F1xx_HAL_Driver/Src/stm32f1xx_hal_rcc.c.obj
 .debug_frame   0x0000129c      0xb14 CMakeFiles/stm32-learning.elf.dir/Drivers/STM32F1xx_HAL_Driver/Src/stm32f1xx_hal_tim.c.obj
 .debug_frame   0x00001db0      0x418 CMakeFiles/stm32-learning.elf.dir/Drivers/STM32F1xx_HAL_Driver/Src/stm32f1xx_hal_tim_ex.c.obj
 .debug_frame   0x000021c8      0x5d4 CMakeFiles/stm32-learning.elf.dir/Drivers/STM32F1xx_HAL_Driver/Src/stm32f1xx_hal_uart.c.obj
 .debug_frame   0x0000279c       0x24 E:/Arm_GNU_ToolChain/13.2 Rel1/bin/../lib/gcc/arm-none-eabi/13.2.1/thumb/v7-m/nofp\libgcc.a(_arm_fixunsdfsi.o)
 .debug_frame   0x000027c0       0x2c E:/Arm_GNU_ToolChain/13.2 Rel1/bin/../lib/gcc/arm-none-eabi/13.2.1/thumb/v7-m/nofp\libg.a(libc_a-memset.o)
 .debug_frame   0x000027ec       0x2c E:/Arm_GNU_ToolChain/13.2 Rel1/bin/../lib/gcc/arm-none-eabi/13.2.1/thumb/v7-m/nofp\libg.a(libc_a-init.o)
 .debug_frame   0x00002818       0xb0 E:/Arm_GNU_ToolChain/13.2 Rel1/bin/../lib/gcc/arm-none-eabi/13.2.1/thumb/v7-m/nofp\libg.a(libc_a-lock.o)
 .debug_frame   0x000028c8       0x5c E:/Arm_GNU_ToolChain/13.2 Rel1/bin/../lib/gcc/arm-none-eabi/13.2.1/thumb/v7-m/nofp\libg.a(libc_a-__call_atexit.o)
 .debug_frame   0x00002924       0x20 E:/Arm_GNU_ToolChain/13.2 Rel1/bin/../lib/gcc/arm-none-eabi/13.2.1/thumb/v7-m/nofp\libg.a(libc_a-atexit.o)
 .debug_frame   0x00002944       0x34 E:/Arm_GNU_ToolChain/13.2 Rel1/bin/../lib/gcc/arm-none-eabi/13.2.1/thumb/v7-m/nofp\libg.a(libc_a-fini.o)
 .debug_frame   0x00002978       0x34 E:/Arm_GNU_ToolChain/13.2 Rel1/bin/../lib/gcc/arm-none-eabi/13.2.1/thumb/v7-m/nofp\libg.a(libc_a-__atexit.o)

.debug_loclists
                0x00000000     0xba52
 .debug_loclists
                0x00000000       0x5d CMakeFiles/stm32-learning.elf.dir/Core/Src/i2c.c.obj
 .debug_loclists
                0x0000005d       0x31 CMakeFiles/stm32-learning.elf.dir/Core/Src/oled.c.obj
 .debug_loclists
                0x0000008e       0x2a CMakeFiles/stm32-learning.elf.dir/Core/Src/sg90.c.obj
 .debug_loclists
                0x000000b8       0x17 CMakeFiles/stm32-learning.elf.dir/Core/Src/stm32f1xx_hal_msp.c.obj
 .debug_loclists
                0x000000cf       0xb7 CMakeFiles/stm32-learning.elf.dir/Core/Src/system_stm32f1xx.c.obj
 .debug_loclists
                0x00000186       0x40 CMakeFiles/stm32-learning.elf.dir/Core/Src/tim.c.obj
 .debug_loclists
                0x000001c6       0x74 CMakeFiles/stm32-learning.elf.dir/Core/Src/usart.c.obj
 .debug_loclists
                0x0000023a       0xe1 CMakeFiles/stm32-learning.elf.dir/Drivers/STM32F1xx_HAL_Driver/Src/stm32f1xx_hal.c.obj
 .debug_loclists
                0x0000031b      0x530 CMakeFiles/stm32-learning.elf.dir/Drivers/STM32F1xx_HAL_Driver/Src/stm32f1xx_hal_cortex.c.obj
 .debug_loclists
                0x0000084b      0x318 CMakeFiles/stm32-learning.elf.dir/Drivers/STM32F1xx_HAL_Driver/Src/stm32f1xx_hal_gpio.c.obj
 .debug_loclists
                0x00000b63     0x31cd CMakeFiles/stm32-learning.elf.dir/Drivers/STM32F1xx_HAL_Driver/Src/stm32f1xx_hal_i2c.c.obj
 .debug_loclists
                0x00003d30      0x42e CMakeFiles/stm32-learning.elf.dir/Drivers/STM32F1xx_HAL_Driver/Src/stm32f1xx_hal_rcc.c.obj
 .debug_loclists
                0x0000415e     0x37c3 CMakeFiles/stm32-learning.elf.dir/Drivers/STM32F1xx_HAL_Driver/Src/stm32f1xx_hal_tim.c.obj
 .debug_loclists
                0x00007921     0x1398 CMakeFiles/stm32-learning.elf.dir/Drivers/STM32F1xx_HAL_Driver/Src/stm32f1xx_hal_tim_ex.c.obj
 .debug_loclists
                0x00008cb9     0x2d99 CMakeFiles/stm32-learning.elf.dir/Drivers/STM32F1xx_HAL_Driver/Src/stm32f1xx_hal_uart.c.obj

.debug_line_str
                0x00000000      0x125
 .debug_line_str
                0x00000000      0x125 CMakeFiles/stm32-learning.elf.dir/Core/Startup/startup_stm32f103c8tx.s.obj
                                 0x5b (size before relaxing)
 .debug_line_str
                0x00000125       0xca E:/Arm_GNU_ToolChain/13.2 Rel1/bin/../lib/gcc/arm-none-eabi/13.2.1/thumb/v7-m/nofp\libgcc.a(_arm_fixunsdfsi.o)
